###############################################################################
#
# IAR ELF Linker V8.30.2.160/W32 for ARM                  01/Oct/2018  15:01:42
# Copyright 2007-2018 IAR Systems AB.
#
#    Output file  =  
#        L:\Documents\GitHub\STM32F407-Familiarization\Temperature-Sensing\EWARM\Temperature-Sensing\Exe\Temperature-Sensing.out
#    Map file     =  
#        L:\Documents\GitHub\STM32F407-Familiarization\Temperature-Sensing\EWARM\Temperature-Sensing\List\Temperature-Sensing.map
#    Command line =  
#        -f C:\Users\flyhi\AppData\Local\Temp\EWFF5C.tmp
#        (L:\Documents\GitHub\STM32F407-Familiarization\Temperature-Sensing\EWARM\Temperature-Sensing\Obj\main.o
#        L:\Documents\GitHub\STM32F407-Familiarization\Temperature-Sensing\EWARM\Temperature-Sensing\Obj\startup_stm32f407xx.o
#        L:\Documents\GitHub\STM32F407-Familiarization\Temperature-Sensing\EWARM\Temperature-Sensing\Obj\stm32f4xx_hal.o
#        L:\Documents\GitHub\STM32F407-Familiarization\Temperature-Sensing\EWARM\Temperature-Sensing\Obj\stm32f4xx_hal_adc.o
#        L:\Documents\GitHub\STM32F407-Familiarization\Temperature-Sensing\EWARM\Temperature-Sensing\Obj\stm32f4xx_hal_adc_ex.o
#        L:\Documents\GitHub\STM32F407-Familiarization\Temperature-Sensing\EWARM\Temperature-Sensing\Obj\stm32f4xx_hal_cortex.o
#        L:\Documents\GitHub\STM32F407-Familiarization\Temperature-Sensing\EWARM\Temperature-Sensing\Obj\stm32f4xx_hal_dma.o
#        L:\Documents\GitHub\STM32F407-Familiarization\Temperature-Sensing\EWARM\Temperature-Sensing\Obj\stm32f4xx_hal_dma_ex.o
#        L:\Documents\GitHub\STM32F407-Familiarization\Temperature-Sensing\EWARM\Temperature-Sensing\Obj\stm32f4xx_hal_flash.o
#        L:\Documents\GitHub\STM32F407-Familiarization\Temperature-Sensing\EWARM\Temperature-Sensing\Obj\stm32f4xx_hal_flash_ex.o
#        L:\Documents\GitHub\STM32F407-Familiarization\Temperature-Sensing\EWARM\Temperature-Sensing\Obj\stm32f4xx_hal_flash_ramfunc.o
#        L:\Documents\GitHub\STM32F407-Familiarization\Temperature-Sensing\EWARM\Temperature-Sensing\Obj\stm32f4xx_hal_gpio.o
#        L:\Documents\GitHub\STM32F407-Familiarization\Temperature-Sensing\EWARM\Temperature-Sensing\Obj\stm32f4xx_hal_hcd.o
#        L:\Documents\GitHub\STM32F407-Familiarization\Temperature-Sensing\EWARM\Temperature-Sensing\Obj\stm32f4xx_hal_i2c.o
#        L:\Documents\GitHub\STM32F407-Familiarization\Temperature-Sensing\EWARM\Temperature-Sensing\Obj\stm32f4xx_hal_i2c_ex.o
#        L:\Documents\GitHub\STM32F407-Familiarization\Temperature-Sensing\EWARM\Temperature-Sensing\Obj\stm32f4xx_hal_i2s.o
#        L:\Documents\GitHub\STM32F407-Familiarization\Temperature-Sensing\EWARM\Temperature-Sensing\Obj\stm32f4xx_hal_i2s_ex.o
#        L:\Documents\GitHub\STM32F407-Familiarization\Temperature-Sensing\EWARM\Temperature-Sensing\Obj\stm32f4xx_hal_msp.o
#        L:\Documents\GitHub\STM32F407-Familiarization\Temperature-Sensing\EWARM\Temperature-Sensing\Obj\stm32f4xx_hal_pwr.o
#        L:\Documents\GitHub\STM32F407-Familiarization\Temperature-Sensing\EWARM\Temperature-Sensing\Obj\stm32f4xx_hal_pwr_ex.o
#        L:\Documents\GitHub\STM32F407-Familiarization\Temperature-Sensing\EWARM\Temperature-Sensing\Obj\stm32f4xx_hal_rcc.o
#        L:\Documents\GitHub\STM32F407-Familiarization\Temperature-Sensing\EWARM\Temperature-Sensing\Obj\stm32f4xx_hal_rcc_ex.o
#        L:\Documents\GitHub\STM32F407-Familiarization\Temperature-Sensing\EWARM\Temperature-Sensing\Obj\stm32f4xx_hal_spi.o
#        L:\Documents\GitHub\STM32F407-Familiarization\Temperature-Sensing\EWARM\Temperature-Sensing\Obj\stm32f4xx_hal_tim.o
#        L:\Documents\GitHub\STM32F407-Familiarization\Temperature-Sensing\EWARM\Temperature-Sensing\Obj\stm32f4xx_hal_tim_ex.o
#        L:\Documents\GitHub\STM32F407-Familiarization\Temperature-Sensing\EWARM\Temperature-Sensing\Obj\stm32f4xx_it.o
#        L:\Documents\GitHub\STM32F407-Familiarization\Temperature-Sensing\EWARM\Temperature-Sensing\Obj\stm32f4xx_ll_usb.o
#        L:\Documents\GitHub\STM32F407-Familiarization\Temperature-Sensing\EWARM\Temperature-Sensing\Obj\system_stm32f4xx.o
#        L:\Documents\GitHub\STM32F407-Familiarization\Temperature-Sensing\EWARM\Temperature-Sensing\Obj\usb_host.o
#        L:\Documents\GitHub\STM32F407-Familiarization\Temperature-Sensing\EWARM\Temperature-Sensing\Obj\usbh_cdc.o
#        L:\Documents\GitHub\STM32F407-Familiarization\Temperature-Sensing\EWARM\Temperature-Sensing\Obj\usbh_conf.o
#        L:\Documents\GitHub\STM32F407-Familiarization\Temperature-Sensing\EWARM\Temperature-Sensing\Obj\usbh_core.o
#        L:\Documents\GitHub\STM32F407-Familiarization\Temperature-Sensing\EWARM\Temperature-Sensing\Obj\usbh_ctlreq.o
#        L:\Documents\GitHub\STM32F407-Familiarization\Temperature-Sensing\EWARM\Temperature-Sensing\Obj\usbh_ioreq.o
#        L:\Documents\GitHub\STM32F407-Familiarization\Temperature-Sensing\EWARM\Temperature-Sensing\Obj\usbh_pipes.o
#        L:\Documents\GitHub\STM32F407-Familiarization\Temperature-Sensing\EWARM\Temperature-Sensing\Obj\usbh_platform.o
#        --redirect _Printf=_PrintfFull --redirect _Scanf=_ScanfFull
#        --no_out_extension -o
#        L:\Documents\GitHub\STM32F407-Familiarization\Temperature-Sensing\EWARM\Temperature-Sensing\Exe\Temperature-Sensing.out
#        --map
#        L:\Documents\GitHub\STM32F407-Familiarization\Temperature-Sensing\EWARM\Temperature-Sensing\List\Temperature-Sensing.map
#        --config
#        L:\Documents\GitHub\STM32F407-Familiarization\Temperature-Sensing\EWARM/stm32f407xx_flash.icf
#        --semihosting --entry __iar_program_start --redirect
#        __iar_sh_stdout=__iar_sh_stdout_swo --vfe --text_out locale)
#
###############################################################################

*******************************************************************************
*** RUNTIME MODEL ATTRIBUTES
***

CppFlavor       = *
__Heap_Handler  = Basic
__SystemLibrary = DLib
__dlib_version  = 6


*******************************************************************************
*** HEAP SELECTION
***

The basic heap was selected because some modules are built with
size limitations (and not runtime checking), and --advanced_heap
was not specified.


*******************************************************************************
*** PLACEMENT SUMMARY
***

"A0":  place at 0x800'0000 { ro section .intvec };
"P1":  place in [from 0x800'0000 to 0x80f'ffff] { ro };
define block CSTACK with size = 1K, alignment = 8 { };
define block HEAP with size = 512, alignment = 8 { };
"P2":  place in [from 0x2000'0000 to 0x2001'ffff] {
          rw, block CSTACK, block HEAP };
initialize by copy { rw };

  Section            Kind         Address    Size  Object
  -------            ----         -------    ----  ------
"A0":                                       0x188
  .intvec            ro code   0x800'0000   0x188  startup_stm32f407xx.o [1]
                             - 0x800'0188   0x188

"P1":                                      0x5ef7
  .text              ro code   0x800'0188   0xf7a  xprintffull.o [2]
  .text              ro code   0x800'1102    0x7a  lz77_init_single.o [4]
  .text              ro code   0x800'117c    0x78  xlocale_c.o [2]
  .text              ro code   0x800'11f4    0x16  strchr.o [4]
  .text              ro code   0x800'120a    0x3a  zero_init3.o [4]
  .text              ro code   0x800'1244    0x40  xfail_s.o [2]
  .text              ro code   0x800'1284    0x36  strlen.o [4]
  .text              ro code   0x800'12ba    0x1e  xencoding_8859_1.o [2]
  .text              ro code   0x800'12d8    0x58  memchr.o [4]
  .text              ro code   0x800'1330     0xa  xmbcurmax.o [2]
  .text              ro code   0x800'133c    0xa6  ABImemcpy.o [4]
  .text              ro code   0x800'13e4   0x230  I64DivMod.o [4]
  .text              ro code   0x800'1614   0x1a2  DblMul.o [3]
  .text              ro code   0x800'17b8    0x70  frexp.o [3]
  .text              ro code   0x800'1828    0x2e  DblCmpLe.o [3]
  .text              ro code   0x800'1858    0x2e  DblCmpGe.o [3]
  .text              ro code   0x800'1888   0x13a  ldexp.o [3]
  .text              ro code   0x800'19c4    0x3a  DblToS32.o [3]
  .text              ro code   0x800'1a00    0x22  S32ToDbl.o [3]
  .text              ro code   0x800'1a24    0xe2  DblSub.o [3]
  .text              ro code   0x800'1b08   0x246  DblDiv.o [3]
  .text              ro code   0x800'1d50    0x28  DblToU32.o [3]
  .text              ro code   0x800'1d78    0x1a  U32ToDbl.o [3]
  .text              ro code   0x800'1d92     0x6  abort.o [2]
  .text              ro code   0x800'1d98     0x2  I64DivZer.o [4]
  .text              ro code   0x800'1d9c   0x16a  DblAdd.o [3]
  .text              ro code   0x800'1f08    0x14  exit.o [5]
  .text              ro code   0x800'1f1c   0x722  stm32f4xx_hal_hcd.o [1]
  .text              ro code   0x800'2640   0x268  usbh_conf.o [1]
  .text              ro code   0x800'28a8   0x63e  stm32f4xx_ll_usb.o [1]
  .text              ro code   0x800'2ee8   0x1d8  stm32f4xx_hal_gpio.o [1]
  .text              ro code   0x800'30c0    0xe2  stm32f4xx_hal_cortex.o [1]
  .text              ro code   0x800'31a4   0x3b4  usbh_core.o [1]
  .text              ro code   0x800'3558   0x46c  main.o [1]
  .text              ro code   0x800'39c4    0x14  usbh_platform.o [1]
  .text              ro code   0x800'39d8    0x28  stm32f4xx_hal.o [1]
  .text              ro code   0x800'3a00     0x6  ABImemclr4.o [4]
  .text              ro code   0x800'3a06    0x72  usbh_pipes.o [1]
  .text              ro code   0x800'3a78   0x3fc  usbh_ctlreq.o [1]
  .text              ro code   0x800'3e74    0x34  stm32f4xx_hal.o [1]
  .text              ro code   0x800'3ea8    0xe4  stm32f4xx_hal_i2c.o [1]
  .text              ro code   0x800'3f8c   0x272  stm32f4xx_hal_i2s.o [1]
  .text              ro code   0x800'4200    0x82  stm32f4xx_hal_spi.o [1]
  .text              ro code   0x800'4284    0x54  usb_host.o [1]
  .text              ro code   0x800'42d8   0x434  stm32f4xx_hal_adc.o [1]
  .text              ro code   0x800'470c    0x28  printf.o [2]
  .text              ro code   0x800'4734   0x2f8  stm32f4xx_hal_rcc.o [1]
  .text              ro code   0x800'4a2c   0x1a0  stm32f4xx_hal_rcc.o [1]
  .text              ro code   0x800'4bcc   0x174  stm32f4xx_hal_rcc_ex.o [1]
  .text              ro code   0x800'4d40     0xc  stm32f4xx_hal.o [1]
  .text              ro code   0x800'4d4c    0x32  ABImemset48.o [4]
  .text              ro code   0x800'4d7e    0x82  usbh_ioreq.o [1]
  .text              ro code   0x800'4e00    0x40  stm32f4xx_hal.o [1]
  .text              ro code   0x800'4e40   0x1b8  stm32f4xx_hal_msp.o [1]
  .text              ro code   0x800'4ff8     0x2  stm32f4xx_hal_i2s.o [1]
  .text              ro code   0x800'4ffa     0x2  stm32f4xx_hal_i2s.o [1]
  .text              ro code   0x800'4ffc     0x2  stm32f4xx_hal_i2s.o [1]
  .text              ro code   0x800'5000   0x342  usbh_cdc.o [1]
  .text              ro code   0x800'5344   0x140  heap0.o [2]
  .text              ro code   0x800'5484     0x4  heaptramp0.o [2]
  .text              ro code   0x800'5488     0x2  usbh_cdc.o [1]
  .text              ro code   0x800'548a     0x2  usbh_cdc.o [1]
  .text              ro code   0x800'548c    0x2c  xgetmemchunk.o [2]
  .text              ro code   0x800'54b8   0x29c  stm32f4xx_hal_i2s_ex.o [1]
  .text              ro code   0x800'5754     0x2  stm32f4xx_hal_i2s_ex.o [1]
  .text              ro code   0x800'5756    0xd8  xfspos.o [2]
  .text              ro code   0x800'5830    0xac  fflush.o [2]
  .text              ro code   0x800'58dc     0xc  xfgpos.o [2]
  .text              ro code   0x800'58e8    0x4a  lseek.o [5]
  .text              ro code   0x800'5932    0x10  write.o [5]
  .text              ro code   0x800'5944    0xcc  XShHandles.o [2]
  .text              ro code   0x800'5a10    0x1e  dwrite.o [5]
  .text              ro code   0x800'5a30    0x50  iarwstdswo.o [5]
  .text              ro code   0x800'5a80    0x22  iarwrite.o [5]
  .text              ro code   0x800'5aa2    0xb4  xfwprep.o [2]
  .text              ro code   0x800'5b56    0x24  fseek.o [2]
  .text              ro code   0x800'5b7c    0x8c  xfofind.o [2]
  .text              ro code   0x800'5c08    0x7e  fclose.o [2]
  .text              ro code   0x800'5c86    0x18  close.o [5]
  .text              ro code   0x800'5c9e    0x14  remove.o [5]
  .text              ro code   0x800'5cb2    0x54  fputc.o [2]
  .text              ro code   0x800'5d08    0x50  system_stm32f4xx.o [1]
  .text              ro code   0x800'5d58    0x3c  xcloseall.o [2]
  .text              ro code   0x800'5d94    0x28  stm32f4xx_it.o [1]
  .text              ro code   0x800'5dbc    0x10  stm32f4xx_hal.o [1]
  .text              ro code   0x800'5dcc    0x28  data_init.o [4]
  .iar.init_table    const     0x800'5df4    0x20  - Linker created -
  .text              ro code   0x800'5e14    0x1e  cmain.o [4]
  .text              ro code   0x800'5e32     0x4  low_level_init.o [2]
  .text              ro code   0x800'5e36     0x4  exit.o [2]
  .text              ro code   0x800'5e3c     0xe  cexit.o [4]
  .text              ro code   0x800'5e4a    0x16  xprout.o [2]
  .text              ro code   0x800'5e60     0xc  putchar.o [2]
  .text              ro code   0x800'5e6c    0x10  startup_stm32f407xx.o [1]
  .text              ro code   0x800'5e7c     0xc  cstartup_M.o [4]
  .rodata            const     0x800'5e88     0x8  system_stm32f4xx.o [1]
  .rodata            const     0x800'5e90     0x6  xlocale_c.o [2]
  .rodata            const     0x800'5e98     0x4  usbh_cdc.o [1]
  .text              ro code   0x800'5e9c     0x4  startup_stm32f407xx.o [1]
  .text              ro code   0x800'5ea0     0x4  startup_stm32f407xx.o [1]
  .text              ro code   0x800'5ea4     0x4  startup_stm32f407xx.o [1]
  .text              ro code   0x800'5ea8     0x4  startup_stm32f407xx.o [1]
  .text              ro code   0x800'5eac     0x4  startup_stm32f407xx.o [1]
  .text              ro code   0x800'5eb0     0x4  startup_stm32f407xx.o [1]
  .text              ro code   0x800'5eb4     0x4  startup_stm32f407xx.o [1]
  .text              ro code   0x800'5eb8     0x4  startup_stm32f407xx.o [1]
  .text              ro code   0x800'5ebc     0x4  startup_stm32f407xx.o [1]
  .text              ro code   0x800'5ec0     0x4  startup_stm32f407xx.o [1]
  .text              ro code   0x800'5ec4     0x4  startup_stm32f407xx.o [1]
  .text              ro code   0x800'5ec8     0x4  startup_stm32f407xx.o [1]
  .text              ro code   0x800'5ecc     0x4  startup_stm32f407xx.o [1]
  .text              ro code   0x800'5ed0     0x4  startup_stm32f407xx.o [1]
  .text              ro code   0x800'5ed4     0x4  startup_stm32f407xx.o [1]
  .text              ro code   0x800'5ed8     0x4  startup_stm32f407xx.o [1]
  .text              ro code   0x800'5edc     0x4  startup_stm32f407xx.o [1]
  .text              ro code   0x800'5ee0     0x4  startup_stm32f407xx.o [1]
  .text              ro code   0x800'5ee4     0x4  startup_stm32f407xx.o [1]
  .text              ro code   0x800'5ee8     0x4  startup_stm32f407xx.o [1]
  .text              ro code   0x800'5eec     0x4  startup_stm32f407xx.o [1]
  .text              ro code   0x800'5ef0     0x4  startup_stm32f407xx.o [1]
  .text              ro code   0x800'5ef4     0x4  startup_stm32f407xx.o [1]
  .text              ro code   0x800'5ef8     0x4  startup_stm32f407xx.o [1]
  .text              ro code   0x800'5efc     0x4  startup_stm32f407xx.o [1]
  .text              ro code   0x800'5f00     0x4  startup_stm32f407xx.o [1]
  .text              ro code   0x800'5f04     0x4  startup_stm32f407xx.o [1]
  .text              ro code   0x800'5f08     0x4  startup_stm32f407xx.o [1]
  .text              ro code   0x800'5f0c     0x4  startup_stm32f407xx.o [1]
  .text              ro code   0x800'5f10     0x4  startup_stm32f407xx.o [1]
  .text              ro code   0x800'5f14     0x4  startup_stm32f407xx.o [1]
  .text              ro code   0x800'5f18     0x4  startup_stm32f407xx.o [1]
  .text              ro code   0x800'5f1c     0x4  startup_stm32f407xx.o [1]
  .text              ro code   0x800'5f20     0x4  startup_stm32f407xx.o [1]
  .text              ro code   0x800'5f24     0x4  startup_stm32f407xx.o [1]
  .text              ro code   0x800'5f28     0x4  startup_stm32f407xx.o [1]
  .text              ro code   0x800'5f2c     0x4  startup_stm32f407xx.o [1]
  .text              ro code   0x800'5f30     0x4  startup_stm32f407xx.o [1]
  .text              ro code   0x800'5f34     0x4  startup_stm32f407xx.o [1]
  .text              ro code   0x800'5f38     0x4  startup_stm32f407xx.o [1]
  .text              ro code   0x800'5f3c     0x4  startup_stm32f407xx.o [1]
  .text              ro code   0x800'5f40     0x4  startup_stm32f407xx.o [1]
  .text              ro code   0x800'5f44     0x4  startup_stm32f407xx.o [1]
  .text              ro code   0x800'5f48     0x4  startup_stm32f407xx.o [1]
  .text              ro code   0x800'5f4c     0x4  startup_stm32f407xx.o [1]
  .text              ro code   0x800'5f50     0x4  startup_stm32f407xx.o [1]
  .text              ro code   0x800'5f54     0x4  startup_stm32f407xx.o [1]
  .text              ro code   0x800'5f58     0x4  startup_stm32f407xx.o [1]
  .text              ro code   0x800'5f5c     0x4  startup_stm32f407xx.o [1]
  .text              ro code   0x800'5f60     0x4  startup_stm32f407xx.o [1]
  .text              ro code   0x800'5f64     0x4  startup_stm32f407xx.o [1]
  .text              ro code   0x800'5f68     0x4  startup_stm32f407xx.o [1]
  .text              ro code   0x800'5f6c     0x4  startup_stm32f407xx.o [1]
  .text              ro code   0x800'5f70     0x4  startup_stm32f407xx.o [1]
  .text              ro code   0x800'5f74     0x4  startup_stm32f407xx.o [1]
  .text              ro code   0x800'5f78     0x4  startup_stm32f407xx.o [1]
  .text              ro code   0x800'5f7c     0x4  startup_stm32f407xx.o [1]
  .text              ro code   0x800'5f80     0x4  startup_stm32f407xx.o [1]
  .text              ro code   0x800'5f84     0x4  startup_stm32f407xx.o [1]
  .text              ro code   0x800'5f88     0x4  startup_stm32f407xx.o [1]
  .text              ro code   0x800'5f8c     0x4  startup_stm32f407xx.o [1]
  .text              ro code   0x800'5f90     0x4  startup_stm32f407xx.o [1]
  .text              ro code   0x800'5f94     0x4  startup_stm32f407xx.o [1]
  .text              ro code   0x800'5f98     0x4  startup_stm32f407xx.o [1]
  .text              ro code   0x800'5f9c     0x4  startup_stm32f407xx.o [1]
  .text              ro code   0x800'5fa0     0x4  startup_stm32f407xx.o [1]
  .text              ro code   0x800'5fa4     0x4  startup_stm32f407xx.o [1]
  .text              ro code   0x800'5fa8     0x4  startup_stm32f407xx.o [1]
  .text              ro code   0x800'5fac     0x4  startup_stm32f407xx.o [1]
  .text              ro code   0x800'5fb0     0x4  startup_stm32f407xx.o [1]
  .text              ro code   0x800'5fb4     0x4  startup_stm32f407xx.o [1]
  .text              ro code   0x800'5fb8     0x4  startup_stm32f407xx.o [1]
  .text              ro code   0x800'5fbc     0x4  startup_stm32f407xx.o [1]
  .text              ro code   0x800'5fc0     0x4  startup_stm32f407xx.o [1]
  .text              ro code   0x800'5fc4     0x4  startup_stm32f407xx.o [1]
  .text              ro code   0x800'5fc8     0x4  startup_stm32f407xx.o [1]
  .text              ro code   0x800'5fcc     0x4  startup_stm32f407xx.o [1]
  .text              ro code   0x800'5fd0     0x4  startup_stm32f407xx.o [1]
  .text              ro code   0x800'5fd4     0x4  startup_stm32f407xx.o [1]
  .text              ro code   0x800'5fd8     0x4  startup_stm32f407xx.o [1]
  .text              ro code   0x800'5fdc     0x0  cstart_closeall.o [4]
  .rodata            const     0x800'5fdc     0x0  zero_init3.o [4]
  .rodata            const     0x800'5fdc     0x0  lz77_init_single.o [4]
  Initializer bytes  const     0x800'5fdc    0xa3  <for P2-1>
                             - 0x800'607f  0x5ef7

"P2", part 1 of 3:                          0x1a8
  P2-1                        0x2000'0000   0x1a8  <Init block>
    .data            inited   0x2000'0000     0xc  stm32f4xx_hal.o [1]
    .data            inited   0x2000'000c     0x4  system_stm32f4xx.o [1]
    .data            inited   0x2000'0010    0x20  usbh_cdc.o [1]
    .data            inited   0x2000'0030    0x38  xlocale_c.o [2]
    .data            inited   0x2000'0068    0x48  xlocale_c.o [2]
    .data            inited   0x2000'00b0    0x48  xfiles.o [2]
    .data            inited   0x2000'00f8    0x48  xfiles.o [2]
    .data            inited   0x2000'0140    0x48  xfiles.o [2]
    .data            inited   0x2000'0188    0x20  xfiles.o [2]
                            - 0x2000'01a8   0x1a8

"P2", part 2 of 3:                          0x8d0
  .bss               zero     0x2000'01a8   0x3c8  usb_host.o [1]
  .bss               zero     0x2000'0570   0x298  usbh_conf.o [1]
  .bss               zero     0x2000'0808    0xf4  main.o [1]
  .bss               zero     0x2000'08fc    0x80  XShHandles.o [2]
  .bss               zero     0x2000'097c    0x50  xfiles.o [2]
  .bss               zero     0x2000'09cc    0x50  xfiles.o [2]
  .bss               zero     0x2000'0a1c    0x48  main.o [1]
  .bss               zero     0x2000'0a64     0x8  heap0.o [2]
  .bss               zero     0x2000'0a6c     0x4  xfail_s.o [2]
  .bss               zero     0x2000'0a70     0x4  xgetmemchunk.o [2]
  .bss               zero     0x2000'0a74     0x1  usb_host.o [1]
                            - 0x2000'0a75   0x8cd

"P2", part 3 of 3:                          0x600
  CSTACK                      0x2000'0a78   0x400  <Block>
    CSTACK           uninit   0x2000'0a78   0x400  <Block tail>
  HEAP                        0x2000'0e78   0x200  <Block>
    HEAP             uninit   0x2000'0e78   0x200  <Block tail>
                            - 0x2000'1078   0x600

Unused ranges:

         From           To      Size
         ----           --      ----
   0x800'607f   0x80f'ffff  0xf'9f81
  0x2000'1078  0x2001'ffff  0x1'ef88


*******************************************************************************
*** INIT TABLE
***

          Address      Size
          -------      ----
Zero (__iar_zero_init3)
    1 destination range, total size 0x8cd:
          0x2000'01a8  0x8cd

Copy/lz77 (__iar_lz77_init_single3)
    1 source range, total size 0xa3 (38% of destination):
           0x800'5fdc   0xa3
    1 destination range, total size 0x1a8:
          0x2000'0000  0x1a8



*******************************************************************************
*** MODULE SUMMARY
***

    Module                  ro code  ro data  rw data
    ------                  -------  -------  -------
command line/config:
    -------------------------------------------------
    Total:

L:\Documents\GitHub\STM32F407-Familiarization\Temperature-Sensing\EWARM\Temperature-Sensing\Obj: [1]
    main.o                    1 132               316
    startup_stm32f407xx.o       728
    stm32f4xx_hal.o             184        4       12
    stm32f4xx_hal_adc.o       1 076
    stm32f4xx_hal_cortex.o      226
    stm32f4xx_hal_gpio.o        472
    stm32f4xx_hal_hcd.o       1 826
    stm32f4xx_hal_i2c.o         228
    stm32f4xx_hal_i2s.o         632
    stm32f4xx_hal_i2s_ex.o      670
    stm32f4xx_hal_msp.o         440
    stm32f4xx_hal_rcc.o       1 176
    stm32f4xx_hal_rcc_ex.o      372
    stm32f4xx_hal_spi.o         130
    stm32f4xx_it.o               40
    stm32f4xx_ll_usb.o        1 598
    system_stm32f4xx.o           80       10        4
    usb_host.o                   84               969
    usbh_cdc.o                  838       16       32
    usbh_conf.o                 616               664
    usbh_core.o                 948
    usbh_ctlreq.o             1 020
    usbh_ioreq.o                130
    usbh_pipes.o                114
    usbh_platform.o              20
    -------------------------------------------------
    Total:                   14 780       30    1 997

dl7M_tlf.a: [2]
    XShHandles.o                204               128
    abort.o                       6
    exit.o                        4
    fclose.o                    126
    fflush.o                    172
    fputc.o                      84
    fseek.o                      36
    heap0.o                     320                 8
    heaptramp0.o                  4
    low_level_init.o              4
    printf.o                     40
    putchar.o                    12
    xcloseall.o                  60
    xencoding_8859_1.o           30
    xfail_s.o                    64                 4
    xfgpos.o                     12
    xfiles.o                              96      408
    xfofind.o                   140
    xfspos.o                    216
    xfwprep.o                   180
    xgetmemchunk.o               44                 4
    xlocale_c.o                 120       55      128
    xmbcurmax.o                  10
    xprintffull.o             3 962
    xprout.o                     22
    -------------------------------------------------
    Total:                    5 872      151      680

m7M_tl.a: [3]
    DblAdd.o                    362
    DblCmpGe.o                   46
    DblCmpLe.o                   46
    DblDiv.o                    582
    DblMul.o                    418
    DblSub.o                    226
    DblToS32.o                   58
    DblToU32.o                   40
    S32ToDbl.o                   34
    U32ToDbl.o                   26
    frexp.o                     112
    ldexp.o                     314
    -------------------------------------------------
    Total:                    2 264

rt7M_tl.a: [4]
    ABImemclr4.o                  6
    ABImemcpy.o                 166
    ABImemset48.o                50
    I64DivMod.o                 560
    I64DivZer.o                   2
    cexit.o                      14
    cmain.o                      30
    cstart_closeall.o
    cstartup_M.o                 12
    data_init.o                  40
    lz77_init_single.o          122
    memchr.o                     88
    strchr.o                     22
    strlen.o                     54
    zero_init3.o                 58
    -------------------------------------------------
    Total:                    1 224

shb_l.a: [5]
    close.o                      24
    dwrite.o                     30
    exit.o                       20
    iarwrite.o                   34
    iarwstdswo.o                 80
    lseek.o                      74
    remove.o                     20
    write.o                      16
    -------------------------------------------------
    Total:                      298

    Gaps                         50        2
    Linker created                        32    1 536
-----------------------------------------------------
    Grand Total:             24 488      215    4 213


*******************************************************************************
*** ENTRY LIST
***

Entry                       Address   Size  Type      Object
-----                       -------   ----  ----      ------
.iar.init_table$$Base    0x800'5df4          --   Gb  - Linker created -
.iar.init_table$$Limit   0x800'5e14          --   Gb  - Linker created -
?main                    0x800'5e15         Code  Gb  cmain.o [4]
ADC_Init                 0x800'45f9   0xf4  Code  Lc  stm32f4xx_hal_adc.o [1]
AHBPrescTable            0x800'5d48   0x10  Data  Gb  system_stm32f4xx.o [1]
APBPrescTable            0x800'5e88    0x8  Data  Gb  system_stm32f4xx.o [1]
Aldata                  0x2000'0a64    0x8  Data  Lc  heap0.o [2]
Appli_state             0x2000'0a74    0x1  Data  Gb  usb_host.o [1]
AverageTemp              0x800'36b5   0x22  Code  Gb  main.o [1]
BusFault_Handler         0x800'5d9b    0x2  Code  Gb  stm32f4xx_it.o [1]
CDC_Class               0x2000'0010   0x20  Data  Gb  usbh_cdc.o [1]
CDC_ProcessTransmission
                         0x800'52c3   0x7e  Code  Lc  usbh_cdc.o [1]
CSTACK$$Base            0x2000'0a78          --   Gb  - Linker created -
CSTACK$$Limit           0x2000'0e78          --   Gb  - Linker created -
CacheMore                0x800'1181   0x24  Code  Lc  xlocale_c.o [2]
DeInitStateMachine       0x800'31d7   0x42  Code  Lc  usbh_core.o [1]
DebugMon_Handler         0x800'5da1    0x2  Code  Gb  stm32f4xx_it.o [1]
GetLineCoding            0x800'52ad   0x16  Code  Lc  usbh_cdc.o [1]
GetTemp                  0x800'36d9   0x2a  Code  Gb  main.o [1]
HAL_ADC_ConfigChannel    0x800'44c5  0x10e  Code  Gb  stm32f4xx_hal_adc.o [1]
HAL_ADC_GetValue         0x800'44bf    0x6  Code  Gb  stm32f4xx_hal_adc.o [1]
HAL_ADC_Init             0x800'42d9   0x50  Code  Gb  stm32f4xx_hal_adc.o [1]
HAL_ADC_MspInit          0x800'4ecf   0x26  Code  Gb  stm32f4xx_hal_msp.o [1]
HAL_ADC_PollForConversion
                         0x800'437d   0x9e  Code  Gb  stm32f4xx_hal_adc.o [1]
HAL_ADC_Start            0x800'4329   0x54  Code  Gb  stm32f4xx_hal_adc.o [1]
HAL_Delay                0x800'39d9   0x28  Code  Wk  stm32f4xx_hal.o [1]
HAL_GPIO_Init            0x800'2ee9  0x1a4  Code  Gb  stm32f4xx_hal_gpio.o [1]
HAL_GPIO_WritePin        0x800'308d    0x8  Code  Gb  stm32f4xx_hal_gpio.o [1]
HAL_GetTick              0x800'4d41    0xc  Code  Wk  stm32f4xx_hal.o [1]
HAL_HCD_Connect_Callback
                         0x800'26bb    0x8  Code  Gb  usbh_conf.o [1]
HAL_HCD_Disconnect_Callback
                         0x800'26c3    0x8  Code  Gb  usbh_conf.o [1]
HAL_HCD_GetCurrentFrame
                         0x800'220d    0x6  Code  Gb  stm32f4xx_hal_hcd.o [1]
HAL_HCD_GetCurrentSpeed
                         0x800'2213    0x6  Code  Gb  stm32f4xx_hal_hcd.o [1]
HAL_HCD_HC_GetURBState   0x800'21f7    0xc  Code  Gb  stm32f4xx_hal_hcd.o [1]
HAL_HCD_HC_GetXferCount
                         0x800'2203    0xa  Code  Gb  stm32f4xx_hal_hcd.o [1]
HAL_HCD_HC_Halt          0x800'1fcd   0x16  Code  Gb  stm32f4xx_hal_hcd.o [1]
HAL_HCD_HC_Init          0x800'1f75   0x58  Code  Gb  stm32f4xx_hal_hcd.o [1]
HAL_HCD_HC_NotifyURBChange_Callback
                         0x800'26cb    0x2  Code  Gb  usbh_conf.o [1]
HAL_HCD_HC_SubmitRequest
                         0x800'1fe5   0xaa  Code  Gb  stm32f4xx_hal_hcd.o [1]
HAL_HCD_IRQHandler       0x800'208f  0x10e  Code  Gb  stm32f4xx_hal_hcd.o [1]
HAL_HCD_Init             0x800'1f1d   0x4e  Code  Gb  stm32f4xx_hal_hcd.o [1]
HAL_HCD_MspInit          0x800'2641   0x72  Code  Gb  usbh_conf.o [1]
HAL_HCD_ResetPort        0x800'21f1    0x6  Code  Gb  stm32f4xx_hal_hcd.o [1]
HAL_HCD_SOF_Callback     0x800'26b3    0x8  Code  Gb  usbh_conf.o [1]
HAL_HCD_Start            0x800'21a3   0x1c  Code  Gb  stm32f4xx_hal_hcd.o [1]
HAL_HCD_Stop             0x800'21db   0x16  Code  Gb  stm32f4xx_hal_hcd.o [1]
HAL_I2C_Init             0x800'3ea9   0xc2  Code  Gb  stm32f4xx_hal_i2c.o [1]
HAL_I2C_MspInit          0x800'4ef5   0x48  Code  Gb  stm32f4xx_hal_msp.o [1]
HAL_I2SEx_FullDuplex_IRQHandler
                         0x800'54b9  0x19e  Code  Gb  stm32f4xx_hal_i2s_ex.o [1]
HAL_I2S_ErrorCallback    0x800'4ff9    0x2  Code  Wk  stm32f4xx_hal_i2s.o [1]
HAL_I2S_Init             0x800'3f8d  0x15e  Code  Gb  stm32f4xx_hal_i2s.o [1]
HAL_I2S_MspInit          0x800'4f3d   0x4e  Code  Gb  stm32f4xx_hal_msp.o [1]
HAL_IncTick              0x800'5dbd   0x10  Code  Wk  stm32f4xx_hal.o [1]
HAL_Init                 0x800'3e75   0x30  Code  Gb  stm32f4xx_hal.o [1]
HAL_InitTick             0x800'4e01   0x40  Code  Wk  stm32f4xx_hal.o [1]
HAL_MspInit              0x800'4e41   0x8e  Code  Gb  stm32f4xx_hal_msp.o [1]
HAL_NVIC_EnableIRQ       0x800'312f    0xa  Code  Gb  stm32f4xx_hal_cortex.o [1]
HAL_NVIC_SetPriority     0x800'30f5   0x3a  Code  Gb  stm32f4xx_hal_cortex.o [1]
HAL_NVIC_SetPriorityGrouping
                         0x800'30db   0x1a  Code  Gb  stm32f4xx_hal_cortex.o [1]
HAL_RCCEx_GetPeriphCLKFreq
                         0x800'4cd5   0x3a  Code  Gb  stm32f4xx_hal_rcc_ex.o [1]
HAL_RCCEx_PeriphCLKConfig
                         0x800'4bcd  0x108  Code  Gb  stm32f4xx_hal_rcc_ex.o [1]
HAL_RCC_ClockConfig      0x800'4a2d   0xfe  Code  Gb  stm32f4xx_hal_rcc.o [1]
HAL_RCC_GetHCLKFreq      0x800'4b37    0x6  Code  Gb  stm32f4xx_hal_rcc.o [1]
HAL_RCC_GetPCLK1Freq     0x800'4b3d   0x10  Code  Gb  stm32f4xx_hal_rcc.o [1]
HAL_RCC_OscConfig        0x800'4735  0x2f8  Code  Wk  stm32f4xx_hal_rcc.o [1]
HAL_SPI_Init             0x800'4201   0x76  Code  Gb  stm32f4xx_hal_spi.o [1]
HAL_SPI_MspInit          0x800'4f8b   0x30  Code  Gb  stm32f4xx_hal_msp.o [1]
HAL_SYSTICK_CLKSourceConfig
                         0x800'316b   0x1a  Code  Gb  stm32f4xx_hal_cortex.o [1]
HAL_SYSTICK_Config       0x800'3143   0x28  Code  Gb  stm32f4xx_hal_cortex.o [1]
HAL_SYSTICK_IRQHandler   0x800'319d    0x4  Code  Gb  stm32f4xx_hal_cortex.o [1]
HCD_HC_IN_IRQHandler     0x800'2219  0x172  Code  Lc  stm32f4xx_hal_hcd.o [1]
HCD_HC_OUT_IRQHandler    0x800'23b3  0x156  Code  Lc  stm32f4xx_hal_hcd.o [1]
HCD_Port_IRQHandler      0x800'2591   0xae  Code  Lc  stm32f4xx_hal_hcd.o [1]
HCD_RXQLVL_IRQHandler    0x800'2525   0x64  Code  Lc  stm32f4xx_hal_hcd.o [1]
HEAP$$Base              0x2000'0e78          --   Gb  - Linker created -
HEAP$$Limit             0x2000'1078          --   Gb  - Linker created -
HardFault_Handler        0x800'5d97    0x2  Code  Gb  stm32f4xx_it.o [1]
I2SEx_FullDuplexRx_IT    0x800'56cf   0x6a  Code  Lc  stm32f4xx_hal_i2s_ex.o [1]
I2SEx_FullDuplexTx_IT    0x800'5663   0x6c  Code  Lc  stm32f4xx_hal_i2s_ex.o [1]
I2S_IRQHandler           0x800'4101   0xfe  Code  Lc  stm32f4xx_hal_i2s.o [1]
LoadInt                  0x800'034b   0x7a  Code  Lc  xprintffull.o [2]
MX_DriverVbusFS          0x800'39c5   0x14  Code  Gb  usbh_platform.o [1]
MX_GPIO_Init             0x800'37c7  0x152  Code  Lc  main.o [1]
MX_USB_HOST_Init         0x800'4285   0x22  Code  Gb  usb_host.o [1]
MX_USB_HOST_Process      0x800'42a7    0x6  Code  Gb  usb_host.o [1]
MemManage_Handler        0x800'5d99    0x2  Code  Gb  stm32f4xx_it.o [1]
NMI_Handler              0x800'5d95    0x2  Code  Gb  stm32f4xx_it.o [1]
NVIC_SetPriority         0x800'30c1   0x1a  Code  Lc  stm32f4xx_hal_cortex.o [1]
OTG_FS_IRQHandler        0x800'5db3    0x6  Code  Gb  stm32f4xx_it.o [1]
PendSV_Handler           0x800'5da3    0x2  Code  Gb  stm32f4xx_it.o [1]
Region$$Table$$Base      0x800'5df4          --   Gb  - Linker created -
Region$$Table$$Limit     0x800'5e14          --   Gb  - Linker created -
SVC_Handler              0x800'5d9f    0x2  Code  Gb  stm32f4xx_it.o [1]
SysTick_Handler          0x800'5da5    0xe  Code  Gb  stm32f4xx_it.o [1]
SystemClock_Config       0x800'3703   0xc4  Code  Gb  main.o [1]
SystemCoreClock         0x2000'000c    0x4  Data  Gb  system_stm32f4xx.o [1]
SystemInit               0x800'5d09   0x30  Code  Gb  system_stm32f4xx.o [1]
USBH_AllocPipe           0x800'3a29   0x38  Code  Gb  usbh_pipes.o [1]
USBH_BulkReceiveData     0x800'4ddb    0x8  Code  Gb  usbh_ioreq.o [1]
USBH_BulkSendData        0x800'4dab    0xa  Code  Gb  usbh_ioreq.o [1]
USBH_CDC_ClassRequest    0x800'5175   0x24  Code  Lc  usbh_cdc.o [1]
USBH_CDC_InterfaceDeInit
                         0x800'511b   0x5a  Code  Lc  usbh_cdc.o [1]
USBH_CDC_InterfaceInit   0x800'5001  0x104  Code  Lc  usbh_cdc.o [1]
USBH_CDC_Process         0x800'5199  0x100  Code  Lc  usbh_cdc.o [1]
USBH_CDC_SOFProcess      0x800'5299    0x4  Code  Lc  usbh_cdc.o [1]
USBH_ClosePipe           0x800'3a1f    0xa  Code  Gb  usbh_pipes.o [1]
USBH_ClrFeature          0x800'3b83   0x16  Code  Gb  usbh_ctlreq.o [1]
USBH_CtlReceiveData      0x800'4da1    0xa  Code  Gb  usbh_ioreq.o [1]
USBH_CtlReq              0x800'3cd9   0x3c  Code  Gb  usbh_ctlreq.o [1]
USBH_CtlSendData         0x800'4d95    0xc  Code  Gb  usbh_ioreq.o [1]
USBH_CtlSendSetup        0x800'4d7f   0x16  Code  Gb  usbh_ioreq.o [1]
USBH_Delay               0x800'284d    0x4  Code  Gb  usbh_conf.o [1]
USBH_FindInterface       0x800'3253   0x40  Code  Gb  usbh_core.o [1]
USBH_FreePipe            0x800'3a61   0x18  Code  Gb  usbh_pipes.o [1]
USBH_GetDescriptor       0x800'3b1d   0x36  Code  Gb  usbh_ctlreq.o [1]
USBH_GetNextDesc         0x800'3ccb    0xe  Code  Gb  usbh_ctlreq.o [1]
USBH_Get_CfgDesc         0x800'3aa5   0x2c  Code  Gb  usbh_ctlreq.o [1]
USBH_Get_DevDesc         0x800'3a79   0x2c  Code  Gb  usbh_ctlreq.o [1]
USBH_Get_StringDesc      0x800'3ad1   0x4c  Code  Gb  usbh_ctlreq.o [1]
USBH_HandleControl       0x800'3d15  0x158  Code  Lc  usbh_ctlreq.o [1]
USBH_HandleEnum          0x800'33e5   0xe6  Code  Lc  usbh_core.o [1]
USBH_Init                0x800'31a5   0x32  Code  Gb  usbh_core.o [1]
USBH_LL_ClosePipe        0x800'27c5   0x1a  Code  Gb  usbh_conf.o [1]
USBH_LL_Connect          0x800'34f9   0x26  Code  Gb  usbh_core.o [1]
USBH_LL_Disconnect       0x800'351f   0x32  Code  Gb  usbh_core.o [1]
USBH_LL_DriverVBUS       0x800'2819   0x1a  Code  Gb  usbh_conf.o [1]
USBH_LL_GetLastXferSize
                         0x800'2797    0x8  Code  Gb  usbh_conf.o [1]
USBH_LL_GetSpeed         0x800'2761   0x1c  Code  Gb  usbh_conf.o [1]
USBH_LL_GetURBState      0x800'2811    0x8  Code  Gb  usbh_conf.o [1]
USBH_LL_IncTimer         0x800'34dd   0x1c  Code  Gb  usbh_core.o [1]
USBH_LL_Init             0x800'26d1   0x50  Code  Gb  usbh_conf.o [1]
USBH_LL_OpenPipe         0x800'279f   0x26  Code  Gb  usbh_conf.o [1]
USBH_LL_ResetPort        0x800'277d   0x1a  Code  Gb  usbh_conf.o [1]
USBH_LL_SetTimer         0x800'34d7    0x6  Code  Gb  usbh_core.o [1]
USBH_LL_SetToggle        0x800'2833   0x1a  Code  Gb  usbh_conf.o [1]
USBH_LL_Start            0x800'272d   0x1a  Code  Gb  usbh_conf.o [1]
USBH_LL_Stop             0x800'2747   0x1a  Code  Gb  usbh_conf.o [1]
USBH_LL_SubmitURB        0x800'27df   0x32  Code  Gb  usbh_conf.o [1]
USBH_OpenPipe            0x800'3a07   0x18  Code  Gb  usbh_pipes.o [1]
USBH_ParseCfgDesc        0x800'3bf1   0xda  Code  Lc  usbh_ctlreq.o [1]
USBH_ParseDevDesc        0x800'3b99   0x58  Code  Lc  usbh_ctlreq.o [1]
USBH_Process             0x800'32a9  0x13a  Code  Gb  usbh_core.o [1]
USBH_RegisterClass       0x800'3219   0x22  Code  Gb  usbh_core.o [1]
USBH_SelectInterface     0x800'323b   0x18  Code  Gb  usbh_core.o [1]
USBH_SetAddress          0x800'3b53   0x16  Code  Gb  usbh_ctlreq.o [1]
USBH_SetCfg              0x800'3b69   0x14  Code  Gb  usbh_ctlreq.o [1]
USBH_Start               0x800'3293   0x14  Code  Gb  usbh_core.o [1]
USBH_UserProcess         0x800'42ad   0x1e  Code  Lc  usb_host.o [1]
USB_CoreInit             0x800'28a9   0x6e  Code  Gb  stm32f4xx_ll_usb.o [1]
USB_CoreReset            0x800'29f1   0x2a  Code  Lc  stm32f4xx_ll_usb.o [1]
USB_DisableGlobalInt     0x800'291f    0x6  Code  Gb  stm32f4xx_ll_usb.o [1]
USB_DoPing               0x800'2e2d   0x18  Code  Gb  stm32f4xx_ll_usb.o [1]
USB_DriveVbus            0x800'2b55   0x3e  Code  Gb  stm32f4xx_ll_usb.o [1]
USB_EnableGlobalInt      0x800'2917    0x8  Code  Gb  stm32f4xx_ll_usb.o [1]
USB_FlushRxFifo          0x800'296f   0x1a  Code  Gb  stm32f4xx_ll_usb.o [1]
USB_FlushTxFifo          0x800'2951   0x1e  Code  Gb  stm32f4xx_ll_usb.o [1]
USB_GetCurrentFrame      0x800'2ba7    0xa  Code  Gb  stm32f4xx_ll_usb.o [1]
USB_GetHostSpeed         0x800'2b93   0x14  Code  Gb  stm32f4xx_ll_usb.o [1]
USB_GetMode              0x800'29e9    0x8  Code  Gb  stm32f4xx_ll_usb.o [1]
USB_HC_Halt              0x800'2dbf   0x6e  Code  Gb  stm32f4xx_ll_usb.o [1]
USB_HC_Init              0x800'2bb1   0xc4  Code  Gb  stm32f4xx_ll_usb.o [1]
USB_HC_ReadInterrupt     0x800'2db5    0xa  Code  Gb  stm32f4xx_ll_usb.o [1]
USB_HC_StartXfer         0x800'2c75  0x128  Code  Gb  stm32f4xx_ll_usb.o [1]
USB_HostInit             0x800'2a1b   0xda  Code  Gb  stm32f4xx_ll_usb.o [1]
USB_InitFSLSPClkSel      0x800'2af9   0x30  Code  Gb  stm32f4xx_ll_usb.o [1]
USB_ReadInterrupts       0x800'29df    0xa  Code  Gb  stm32f4xx_ll_usb.o [1]
USB_ReadPacket           0x800'29af   0x1e  Code  Gb  stm32f4xx_ll_usb.o [1]
USB_ResetPort            0x800'2b29   0x2c  Code  Gb  stm32f4xx_ll_usb.o [1]
USB_SetCurrentMode       0x800'292b   0x26  Code  Gb  stm32f4xx_ll_usb.o [1]
USB_StopHost             0x800'2e6d   0x7a  Code  Gb  stm32f4xx_ll_usb.o [1]
USB_WritePacket          0x800'2989   0x26  Code  Gb  stm32f4xx_ll_usb.o [1]
UsageFault_Handler       0x800'5d9d    0x2  Code  Gb  stm32f4xx_it.o [1]
_Close_all               0x800'5d59   0x3c  Code  Gb  xcloseall.o [2]
_Encoding_8859_1_Mbrlen
                         0x800'12cd    0x2  Code  Gb  xencoding_8859_1.o [2]
_Encoding_8859_1_Wctomb
                         0x800'12bb   0x12  Code  Gb  xencoding_8859_1.o [2]
_Error_Handler           0x800'3981    0x2  Code  Gb  main.o [1]
_Files                  0x2000'0188   0x20  Data  Gb  xfiles.o [2]
_Fofree                  0x800'5b7d   0x86  Code  Gb  xfofind.o [2]
_Fspos                   0x800'5757   0xd8  Code  Gb  xfspos.o [2]
_Fwprep                  0x800'5aa3   0xb4  Code  Gb  xfwprep.o [2]
_GenldFull               0x800'0ddd  0x274  Code  Lc  xprintffull.o [2]
_LdtobFull               0x800'09b1  0x400  Code  Lc  xprintffull.o [2]
_LitobFull               0x800'0859  0x112  Code  Lc  xprintffull.o [2]
_Locale_lconv           0x2000'0030   0x38  Data  Lc  xlocale_c.o [2]
_Nnl                     0x800'58dd    0xc  Code  Gb  xfgpos.o [2]
_PrintfFull              0x800'0189  0x1aa  Code  Gb  xprintffull.o [2]
_Prout                   0x800'5e4b   0x16  Code  Gb  xprout.o [2]
_PutcharsFull            0x800'1051   0x2e  Code  Lc  xprintffull.o [2]
_PutfldFull              0x800'03c5  0x2d8  Code  Lc  xprintffull.o [2]
_PutstrFull              0x800'0793   0xc6  Code  Lc  xprintffull.o [2]
_PuttxtFull              0x800'069d   0xf6  Code  Lc  xprintffull.o [2]
__aeabi_cdcmple          0x800'1829         Code  Gb  DblCmpLe.o [3]
__aeabi_cdrcmple         0x800'1859         Code  Gb  DblCmpGe.o [3]
__aeabi_d2iz             0x800'19c5         Code  Gb  DblToS32.o [3]
__aeabi_d2uiz            0x800'1d51         Code  Gb  DblToU32.o [3]
__aeabi_ddiv             0x800'1b09         Code  Gb  DblDiv.o [3]
__aeabi_dmul             0x800'1615         Code  Gb  DblMul.o [3]
__aeabi_dsub             0x800'1a25         Code  Gb  DblSub.o [3]
__aeabi_i2d              0x800'1a01         Code  Gb  S32ToDbl.o [3]
__aeabi_ldiv0            0x800'1d99         Code  Gb  I64DivZer.o [4]
__aeabi_memclr4          0x800'3a01         Code  Gb  ABImemclr4.o [4]
__aeabi_memcpy           0x800'133d         Code  Gb  ABImemcpy.o [4]
__aeabi_memcpy4          0x800'135d         Code  Gb  ABImemcpy.o [4]
__aeabi_memcpy8          0x800'135d         Code  Gb  ABImemcpy.o [4]
__aeabi_ui2d             0x800'1d79         Code  Gb  U32ToDbl.o [3]
__aeabi_uldivmod         0x800'13e5         Code  Gb  I64DivMod.o [4]
__basic_free             0x800'53f1   0x16  Code  Gb  heap0.o [2]
__basic_free_intern      0x800'5407   0x7a  Code  Lc  heap0.o [2]
__basic_malloc           0x800'5345   0x18  Code  Gb  heap0.o [2]
__basic_malloc_intern    0x800'535d   0x94  Code  Lc  heap0.o [2]
__cexit_closeall         0x800'5e3f         Code  Gb  cexit.o [4]
__close                  0x800'5c87   0x18  Code  Gb  close.o [5]
__cmain                  0x800'5e15         Code  Gb  cmain.o [4]
__cstart_closeall        0x800'5fdc         Data  Gb  cstart_closeall.o [4]
__data_GetMemChunk       0x800'548d   0x2c  Code  Gb  xgetmemchunk.o [2]
__data_GetMemChunk::start
                        0x2000'0a70    0x4  Data  Lc  xgetmemchunk.o [2]
__dwrite                 0x800'5a11   0x1e  Code  Gb  dwrite.o [5]
__exit                   0x800'1f09   0x14  Code  Gb  exit.o [5]
__iar_Fail_s             0x800'1245   0x1c  Code  Gb  xfail_s.o [2]
__iar_Mbcurmax           0x800'1331    0xa  Code  Gb  xmbcurmax.o [2]
__iar_Memchr             0x800'12d9         Code  Gb  memchr.o [4]
__iar_Memset4_word       0x800'4d4d         Code  Gb  ABImemset48.o [4]
__iar_Memset8_word       0x800'4d4d         Code  Gb  ABImemset48.o [4]
__iar_Stderr            0x2000'0140   0x48  Data  Gb  xfiles.o [2]
__iar_Stdin             0x2000'00b0   0x48  Data  Gb  xfiles.o [2]
__iar_Stdout            0x2000'00f8   0x48  Data  Gb  xfiles.o [2]
__iar_Strchr             0x800'11f5         Code  Gb  strchr.o [4]
__iar_dadd               0x800'1a35         Code  Gb  DblSub.o [3]
__iar_data_init3         0x800'5dcd   0x28  Code  Gb  data_init.o [4]
__iar_dsub               0x800'1d9d         Code  Gb  DblAdd.o [3]
__iar_dsubStart          0x800'1daf         Code  Gb  DblAdd.o [3]
__iar_frexp              0x800'17c5         Code  Gb  frexp.o [3]
__iar_frexp64            0x800'17b9         Code  Gb  frexp.o [3]
__iar_frexpl             0x800'17c5         Code  Gb  frexp.o [3]
__iar_globLocale        0x2000'0068   0x48  Data  Lc  xlocale_c.o [2]
__iar_global_Locale      0x800'117d    0x4  Code  Gb  xlocale_c.o [2]
__iar_ldexp64            0x800'1889         Code  Gb  ldexp.o [3]
__iar_lz77_init_single3
                         0x800'1103   0x7a  Code  Gb  lz77_init_single.o [4]
__iar_program_start      0x800'5e7d         Code  Gb  cstartup_M.o [4]
__iar_scalbln64          0x800'1889         Code  Gb  ldexp.o [3]
__iar_scalbn64           0x800'1889         Code  Gb  ldexp.o [3]
__iar_sh_Discard         0x800'5945   0x42  Code  Gb  XShHandles.o [2]
__iar_sh_Move            0x800'5987   0x46  Code  Gb  XShHandles.o [2]
__iar_sh_Pos             0x800'59cd   0x3e  Code  Gb  XShHandles.o [2]
__iar_sh_stdout_swo      0x800'5a31   0x50  Code  Gb  iarwstdswo.o [5]
__iar_sh_write           0x800'5a81   0x22  Code  Gb  iarwrite.o [5]
__iar_zero_init3         0x800'120b   0x3a  Code  Gb  zero_init3.o [4]
__low_level_init         0x800'5e33    0x4  Code  Gb  low_level_init.o [2]
__lseek                  0x800'58e9   0x4a  Code  Gb  lseek.o [5]
__vector_table           0x800'0000         Data  Gb  startup_stm32f407xx.o [1]
__write                  0x800'5933   0x10  Code  Gb  write.o [5]
_call_main               0x800'5e21         Code  Gb  cmain.o [4]
_exit                    0x800'5e3d         Code  Gb  cexit.o [4]
_gLocale_mblen           0x800'11e1    0x4  Code  Gb  xlocale_c.o [2]
_gLocale_mblenInt        0x800'11a5   0x2c  Code  Gb  xlocale_c.o [2]
_gLocale_wctomb          0x800'11e5    0x4  Code  Gb  xlocale_c.o [2]
_gLocale_wctombInt       0x800'11dd    0x4  Code  Gb  xlocale_c.o [2]
_main                    0x800'5e2f         Code  Gb  cmain.o [4]
abort                    0x800'1d93    0x6  Code  Gb  abort.o [2]
ebuf                    0x2000'097c   0x50  Data  Lc  xfiles.o [2]
exit                     0x800'5e37    0x4  Code  Gb  exit.o [2]
fclose                   0x800'5c09   0x7e  Code  Gb  fclose.o [2]
fflush                   0x800'58a5   0x34  Code  Gb  fflush.o [2]
fflushOne                0x800'5831   0x74  Code  Lc  fflush.o [2]
fputc                    0x800'5cb3   0x54  Code  Gb  fputc.o [2]
free                     0x800'5485    0x4  Code  Gb  heaptramp0.o [2]
frexp                    0x800'17b9         Code  Gb  frexp.o [3]
frexpl                   0x800'17b9         Code  Gb  frexp.o [3]
fseek                    0x800'5b57   0x24  Code  Gb  fseek.o [2]
hUsbHostFS              0x2000'01a8  0x3c8  Data  Gb  usb_host.o [1]
hadc1                   0x2000'0a1c   0x48  Data  Gb  main.o [1]
hhcd_USB_OTG_FS         0x2000'0570  0x298  Data  Gb  usbh_conf.o [1]
hi2c1                   0x2000'0860   0x54  Data  Gb  main.o [1]
hi2s3                   0x2000'08b4   0x48  Data  Gb  main.o [1]
hspi1                   0x2000'0808   0x58  Data  Gb  main.o [1]
ldexp                    0x800'1889         Code  Gb  ldexp.o [3]
ldexpl                   0x800'1889         Code  Gb  ldexp.o [3]
localeconv               0x800'11e9    0x4  Code  Gb  xlocale_c.o [2]
main                     0x800'3559  0x144  Code  Gb  main.o [1]
memchr                   0x800'12d9         Code  Gb  memchr.o [4]
obuf                    0x2000'09cc   0x50  Data  Lc  xfiles.o [2]
printf                   0x800'470d   0x28  Code  Gb  printf.o [2]
putchar                  0x800'5e61    0xc  Code  Gb  putchar.o [2]
remove                   0x800'5c9f   0x14  Code  Gb  remove.o [5]
sFileInfo               0x2000'08fc   0x80  Data  Lc  XShHandles.o [2]
scalbln                  0x800'1889         Code  Gb  ldexp.o [3]
scalblnl                 0x800'1889         Code  Gb  ldexp.o [3]
scalbn                   0x800'1889         Code  Gb  ldexp.o [3]
scalbnl                  0x800'1889         Code  Gb  ldexp.o [3]
scale                    0x800'096b   0x46  Code  Lc  xprintffull.o [2]
sec_hand                0x2000'0a6c    0x4  Data  Lc  xfail_s.o [2]
strchr                   0x800'11f5         Code  Gb  strchr.o [4]
strlen                   0x800'1285         Code  Gb  strlen.o [4]
uwTick                  0x2000'0004    0x4  Data  Gb  stm32f4xx_hal.o [1]
uwTickFreq              0x2000'0000    0x1  Data  Gb  stm32f4xx_hal.o [1]
uwTickPrio              0x2000'0008    0x4  Data  Gb  stm32f4xx_hal.o [1]


[1] = L:\Documents\GitHub\STM32F407-Familiarization\Temperature-Sensing\EWARM\Temperature-Sensing\Obj
[2] = dl7M_tlf.a
[3] = m7M_tl.a
[4] = rt7M_tl.a
[5] = shb_l.a

  24 488 bytes of readonly  code memory
     215 bytes of readonly  data memory
   4 213 bytes of readwrite data memory

Errors: none
Warnings: none
