###############################################################################
#
# IAR ELF Linker V8.30.2.160/W32 for ARM                  09/Oct/2018  19:23:24
# Copyright 2007-2018 IAR Systems AB.
#
#    Output file  =  
#        L:\Documents\GitHub\STM32F407-Familiarization\FreeRTOS
#        Demo\EWARM\FreeRTOS Demo\Exe\FreeRTOS Demo.out
#    Map file     =  
#        L:\Documents\GitHub\STM32F407-Familiarization\FreeRTOS
#        Demo\EWARM\FreeRTOS Demo\List\FreeRTOS Demo.map
#    Command line =  
#        -f C:\Users\flyhi\AppData\Local\Temp\EW9E1E.tmp
#        ("L:\Documents\GitHub\STM32F407-Familiarization\FreeRTOS
#        Demo\EWARM\FreeRTOS Demo\Obj\cmsis_os.o"
#        "L:\Documents\GitHub\STM32F407-Familiarization\FreeRTOS
#        Demo\EWARM\FreeRTOS Demo\Obj\croutine.o"
#        "L:\Documents\GitHub\STM32F407-Familiarization\FreeRTOS
#        Demo\EWARM\FreeRTOS Demo\Obj\event_groups.o"
#        "L:\Documents\GitHub\STM32F407-Familiarization\FreeRTOS
#        Demo\EWARM\FreeRTOS Demo\Obj\freertos.o"
#        "L:\Documents\GitHub\STM32F407-Familiarization\FreeRTOS
#        Demo\EWARM\FreeRTOS Demo\Obj\heap_4.o"
#        "L:\Documents\GitHub\STM32F407-Familiarization\FreeRTOS
#        Demo\EWARM\FreeRTOS Demo\Obj\list.o"
#        "L:\Documents\GitHub\STM32F407-Familiarization\FreeRTOS
#        Demo\EWARM\FreeRTOS Demo\Obj\main.o"
#        "L:\Documents\GitHub\STM32F407-Familiarization\FreeRTOS
#        Demo\EWARM\FreeRTOS Demo\Obj\port.o"
#        "L:\Documents\GitHub\STM32F407-Familiarization\FreeRTOS
#        Demo\EWARM\FreeRTOS Demo\Obj\portasm.o"
#        "L:\Documents\GitHub\STM32F407-Familiarization\FreeRTOS
#        Demo\EWARM\FreeRTOS Demo\Obj\queue.o"
#        "L:\Documents\GitHub\STM32F407-Familiarization\FreeRTOS
#        Demo\EWARM\FreeRTOS Demo\Obj\startup_stm32f407xx.o"
#        "L:\Documents\GitHub\STM32F407-Familiarization\FreeRTOS
#        Demo\EWARM\FreeRTOS Demo\Obj\stm32f4xx_hal.o"
#        "L:\Documents\GitHub\STM32F407-Familiarization\FreeRTOS
#        Demo\EWARM\FreeRTOS Demo\Obj\stm32f4xx_hal_cortex.o"
#        "L:\Documents\GitHub\STM32F407-Familiarization\FreeRTOS
#        Demo\EWARM\FreeRTOS Demo\Obj\stm32f4xx_hal_dma.o"
#        "L:\Documents\GitHub\STM32F407-Familiarization\FreeRTOS
#        Demo\EWARM\FreeRTOS Demo\Obj\stm32f4xx_hal_dma_ex.o"
#        "L:\Documents\GitHub\STM32F407-Familiarization\FreeRTOS
#        Demo\EWARM\FreeRTOS Demo\Obj\stm32f4xx_hal_flash.o"
#        "L:\Documents\GitHub\STM32F407-Familiarization\FreeRTOS
#        Demo\EWARM\FreeRTOS Demo\Obj\stm32f4xx_hal_flash_ex.o"
#        "L:\Documents\GitHub\STM32F407-Familiarization\FreeRTOS
#        Demo\EWARM\FreeRTOS Demo\Obj\stm32f4xx_hal_flash_ramfunc.o"
#        "L:\Documents\GitHub\STM32F407-Familiarization\FreeRTOS
#        Demo\EWARM\FreeRTOS Demo\Obj\stm32f4xx_hal_gpio.o"
#        "L:\Documents\GitHub\STM32F407-Familiarization\FreeRTOS
#        Demo\EWARM\FreeRTOS Demo\Obj\stm32f4xx_hal_hcd.o"
#        "L:\Documents\GitHub\STM32F407-Familiarization\FreeRTOS
#        Demo\EWARM\FreeRTOS Demo\Obj\stm32f4xx_hal_i2c.o"
#        "L:\Documents\GitHub\STM32F407-Familiarization\FreeRTOS
#        Demo\EWARM\FreeRTOS Demo\Obj\stm32f4xx_hal_i2c_ex.o"
#        "L:\Documents\GitHub\STM32F407-Familiarization\FreeRTOS
#        Demo\EWARM\FreeRTOS Demo\Obj\stm32f4xx_hal_i2s.o"
#        "L:\Documents\GitHub\STM32F407-Familiarization\FreeRTOS
#        Demo\EWARM\FreeRTOS Demo\Obj\stm32f4xx_hal_i2s_ex.o"
#        "L:\Documents\GitHub\STM32F407-Familiarization\FreeRTOS
#        Demo\EWARM\FreeRTOS Demo\Obj\stm32f4xx_hal_msp.o"
#        "L:\Documents\GitHub\STM32F407-Familiarization\FreeRTOS
#        Demo\EWARM\FreeRTOS Demo\Obj\stm32f4xx_hal_pwr.o"
#        "L:\Documents\GitHub\STM32F407-Familiarization\FreeRTOS
#        Demo\EWARM\FreeRTOS Demo\Obj\stm32f4xx_hal_pwr_ex.o"
#        "L:\Documents\GitHub\STM32F407-Familiarization\FreeRTOS
#        Demo\EWARM\FreeRTOS Demo\Obj\stm32f4xx_hal_rcc.o"
#        "L:\Documents\GitHub\STM32F407-Familiarization\FreeRTOS
#        Demo\EWARM\FreeRTOS Demo\Obj\stm32f4xx_hal_rcc_ex.o"
#        "L:\Documents\GitHub\STM32F407-Familiarization\FreeRTOS
#        Demo\EWARM\FreeRTOS Demo\Obj\stm32f4xx_hal_spi.o"
#        "L:\Documents\GitHub\STM32F407-Familiarization\FreeRTOS
#        Demo\EWARM\FreeRTOS Demo\Obj\stm32f4xx_hal_tim.o"
#        "L:\Documents\GitHub\STM32F407-Familiarization\FreeRTOS
#        Demo\EWARM\FreeRTOS Demo\Obj\stm32f4xx_hal_tim_ex.o"
#        "L:\Documents\GitHub\STM32F407-Familiarization\FreeRTOS
#        Demo\EWARM\FreeRTOS Demo\Obj\stm32f4xx_hal_timebase_TIM.o"
#        "L:\Documents\GitHub\STM32F407-Familiarization\FreeRTOS
#        Demo\EWARM\FreeRTOS Demo\Obj\stm32f4xx_it.o"
#        "L:\Documents\GitHub\STM32F407-Familiarization\FreeRTOS
#        Demo\EWARM\FreeRTOS Demo\Obj\stm32f4xx_ll_usb.o"
#        "L:\Documents\GitHub\STM32F407-Familiarization\FreeRTOS
#        Demo\EWARM\FreeRTOS Demo\Obj\system_stm32f4xx.o"
#        "L:\Documents\GitHub\STM32F407-Familiarization\FreeRTOS
#        Demo\EWARM\FreeRTOS Demo\Obj\tasks.o"
#        "L:\Documents\GitHub\STM32F407-Familiarization\FreeRTOS
#        Demo\EWARM\FreeRTOS Demo\Obj\timers.o"
#        "L:\Documents\GitHub\STM32F407-Familiarization\FreeRTOS
#        Demo\EWARM\FreeRTOS Demo\Obj\usb_host.o"
#        "L:\Documents\GitHub\STM32F407-Familiarization\FreeRTOS
#        Demo\EWARM\FreeRTOS Demo\Obj\usbh_cdc.o"
#        "L:\Documents\GitHub\STM32F407-Familiarization\FreeRTOS
#        Demo\EWARM\FreeRTOS Demo\Obj\usbh_conf.o"
#        "L:\Documents\GitHub\STM32F407-Familiarization\FreeRTOS
#        Demo\EWARM\FreeRTOS Demo\Obj\usbh_core.o"
#        "L:\Documents\GitHub\STM32F407-Familiarization\FreeRTOS
#        Demo\EWARM\FreeRTOS Demo\Obj\usbh_ctlreq.o"
#        "L:\Documents\GitHub\STM32F407-Familiarization\FreeRTOS
#        Demo\EWARM\FreeRTOS Demo\Obj\usbh_ioreq.o"
#        "L:\Documents\GitHub\STM32F407-Familiarization\FreeRTOS
#        Demo\EWARM\FreeRTOS Demo\Obj\usbh_pipes.o"
#        "L:\Documents\GitHub\STM32F407-Familiarization\FreeRTOS
#        Demo\EWARM\FreeRTOS Demo\Obj\usbh_platform.o" --redirect
#        _Printf=_PrintfFull --redirect _Scanf=_ScanfFull --no_out_extension -o
#        "L:\Documents\GitHub\STM32F407-Familiarization\FreeRTOS
#        Demo\EWARM\FreeRTOS Demo\Exe\FreeRTOS Demo.out" --map
#        "L:\Documents\GitHub\STM32F407-Familiarization\FreeRTOS
#        Demo\EWARM\FreeRTOS Demo\List\FreeRTOS Demo.map" --config
#        "L:\Documents\GitHub\STM32F407-Familiarization\FreeRTOS
#        Demo\EWARM/stm32f407xx_flash.icf" --semihosting --entry
#        __iar_program_start --vfe --text_out locale)
#
###############################################################################

*******************************************************************************
*** RUNTIME MODEL ATTRIBUTES
***

CppFlavor       = *
__Heap_Handler  = Basic
__SystemLibrary = DLib
__dlib_version  = 6


*******************************************************************************
*** HEAP SELECTION
***

The basic heap was selected because some modules are built with
size limitations (and not runtime checking), and --advanced_heap
was not specified.


*******************************************************************************
*** PLACEMENT SUMMARY
***

"A0":  place at 0x800'0000 { ro section .intvec };
"P1":  place in [from 0x800'0000 to 0x80f'ffff] { ro };
define block CSTACK with size = 1K, alignment = 8 { };
define block HEAP with size = 512, alignment = 8 { };
"P2":  place in [from 0x2000'0000 to 0x2001'ffff] {
          rw, block CSTACK, block HEAP };
initialize by copy { rw };

  Section            Kind         Address    Size  Object
  -------            ----         -------    ----  ------
"A0":                                       0x188
  .intvec            ro code   0x800'0000   0x188  startup_stm32f407xx.o [1]
                             - 0x800'0188   0x188

"P1":                                      0x721b
  .text              ro code   0x800'0188   0xf7a  xprintffull.o [2]
  .text              ro code   0x800'1102    0x7a  lz77_init_single.o [4]
  .text              ro code   0x800'117c    0x78  xlocale_c.o [2]
  .text              ro code   0x800'11f4    0x16  strchr.o [4]
  .text              ro code   0x800'120a    0x3a  zero_init3.o [4]
  .text              ro code   0x800'1244    0x40  xfail_s.o [2]
  .text              ro code   0x800'1284    0x36  strlen.o [4]
  .text              ro code   0x800'12ba    0x1e  xencoding_8859_1.o [2]
  .text              ro code   0x800'12d8    0x58  memchr.o [4]
  .text              ro code   0x800'1330     0xa  xmbcurmax.o [2]
  .text              ro code   0x800'133c    0xa6  ABImemcpy.o [4]
  .text              ro code   0x800'13e4   0x230  I64DivMod.o [4]
  .text              ro code   0x800'1614   0x1a2  DblMul.o [3]
  .text              ro code   0x800'17b8    0x70  frexp.o [3]
  .text              ro code   0x800'1828    0x2e  DblCmpLe.o [3]
  .text              ro code   0x800'1858    0x2e  DblCmpGe.o [3]
  .text              ro code   0x800'1888   0x13a  ldexp.o [3]
  .text              ro code   0x800'19c4    0x3a  DblToS32.o [3]
  .text              ro code   0x800'1a00    0x22  S32ToDbl.o [3]
  .text              ro code   0x800'1a24    0xe2  DblSub.o [3]
  .text              ro code   0x800'1b08   0x246  DblDiv.o [3]
  .text              ro code   0x800'1d50    0x28  DblToU32.o [3]
  .text              ro code   0x800'1d78    0x1a  U32ToDbl.o [3]
  .text              ro code   0x800'1d92     0x6  abort.o [2]
  .text              ro code   0x800'1d98     0x2  I64DivZer.o [4]
  .text              ro code   0x800'1d9c   0x16a  DblAdd.o [3]
  .text              ro code   0x800'1f08    0x14  exit.o [5]
  .text              ro code   0x800'1f1c    0x80  iarttio.o [5]
  .text              ro code   0x800'1f9c    0x3c  XShttio.o [2]
  .text              ro code   0x800'1fd8   0x768  tasks.o [1]
  .text              ro code   0x800'2740   0x1b4  heap_4.o [1]
  .text              ro code   0x800'28f4    0x90  list.o [1]
  .text              ro code   0x800'2984   0x1d8  port.o [1]
  CODE               ro code   0x800'2b5c    0xa8  portasm.o [1]
  .text              ro code   0x800'2c04   0x722  stm32f4xx_hal_hcd.o [1]
  .text              ro code   0x800'3328   0x264  usbh_conf.o [1]
  .text              ro code   0x800'358c   0x63e  stm32f4xx_ll_usb.o [1]
  .text              ro code   0x800'3bcc   0x1d8  stm32f4xx_hal_gpio.o [1]
  .text              ro code   0x800'3da4    0xdc  stm32f4xx_hal_cortex.o [1]
  .text              ro code   0x800'3e80   0x460  usbh_core.o [1]
  .text              ro code   0x800'42e0   0x428  main.o [1]
  .text              ro code   0x800'4708    0x14  usbh_platform.o [1]
  .text              ro code   0x800'471c    0x28  stm32f4xx_hal.o [1]
  .text              ro code   0x800'4744   0x164  cmsis_os.o [1]
  .text              ro code   0x800'48a8     0x6  ABImemclr4.o [4]
  .text              ro code   0x800'48ae    0x72  usbh_pipes.o [1]
  .text              ro code   0x800'4920   0x430  usbh_ctlreq.o [1]
  .text              ro code   0x800'4d50    0x28  printf.o [2]
  .text              ro code   0x800'4d78    0x34  stm32f4xx_hal.o [1]
  .text              ro code   0x800'4dac    0xe4  stm32f4xx_hal_i2c.o [1]
  .text              ro code   0x800'4e90   0x272  stm32f4xx_hal_i2s.o [1]
  .text              ro code   0x800'5104    0x82  stm32f4xx_hal_spi.o [1]
  .text              ro code   0x800'5188   0x2f8  stm32f4xx_hal_rcc.o [1]
  .text              ro code   0x800'5480   0x1d4  stm32f4xx_hal_rcc.o [1]
  .text              ro code   0x800'5654   0x174  stm32f4xx_hal_rcc_ex.o [1]
  .text              ro code   0x800'57c8    0x50  usb_host.o [1]
  .text              ro code   0x800'5818    0x10  stm32f4xx_hal.o [1]
  .text              ro code   0x800'5828     0xc  stm32f4xx_hal.o [1]
  .text              ro code   0x800'5834   0x59c  queue.o [1]
  .text              ro code   0x800'5dd0    0x32  ABImemset48.o [4]
  .text              ro code   0x800'5e02    0x82  usbh_ioreq.o [1]
  .text              ro code   0x800'5e84    0x7c  stm32f4xx_hal_timebase_TIM.o [1]
  .text              ro code   0x800'5f00   0x190  stm32f4xx_hal_msp.o [1]
  .text              ro code   0x800'6090     0x2  stm32f4xx_hal_i2s.o [1]
  .text              ro code   0x800'6092     0x2  stm32f4xx_hal_i2s.o [1]
  .text              ro code   0x800'6094     0x2  stm32f4xx_hal_i2s.o [1]
  .text              ro code   0x800'6098   0x25a  stm32f4xx_hal_tim.o [1]
  .text              ro code   0x800'62f2     0x2  stm32f4xx_hal_tim.o [1]
  .text              ro code   0x800'62f4     0x2  stm32f4xx_hal_tim.o [1]
  .text              ro code   0x800'62f6     0x2  stm32f4xx_hal_tim_ex.o [1]
  .text              ro code   0x800'62f8     0x2  stm32f4xx_hal_tim.o [1]
  .text              ro code   0x800'62fa     0x2  stm32f4xx_hal_tim_ex.o [1]
  .text              ro code   0x800'62fc     0x2  stm32f4xx_hal_tim.o [1]
  .text              ro code   0x800'6300   0x35e  usbh_cdc.o [1]
  .text              ro code   0x800'6660   0x140  heap0.o [2]
  .text              ro code   0x800'67a0     0x4  heaptramp0.o [2]
  .text              ro code   0x800'67a4     0x2  usbh_cdc.o [1]
  .text              ro code   0x800'67a6     0x2  usbh_cdc.o [1]
  .text              ro code   0x800'67a8    0x2c  xgetmemchunk.o [2]
  .text              ro code   0x800'67d4   0x29c  stm32f4xx_hal_i2s_ex.o [1]
  .text              ro code   0x800'6a70     0x2  stm32f4xx_hal_i2s_ex.o [1]
  .text              ro code   0x800'6a72    0xd8  xfspos.o [2]
  .text              ro code   0x800'6b4c    0xac  fflush.o [2]
  .text              ro code   0x800'6bf8     0xc  xfgpos.o [2]
  .text              ro code   0x800'6c04    0x4a  lseek.o [5]
  .text              ro code   0x800'6c4e    0x10  write.o [5]
  .text              ro code   0x800'6c60    0xcc  XShHandles.o [2]
  .text              ro code   0x800'6d2c    0x1e  dwrite.o [5]
  .text              ro code   0x800'6d4a    0x20  iarwstd.o [5]
  .text              ro code   0x800'6d6a    0x22  iarwrite.o [5]
  .text              ro code   0x800'6d8c    0xb4  xfwprep.o [2]
  .text              ro code   0x800'6e40    0x24  fseek.o [2]
  .text              ro code   0x800'6e64    0x8c  xfofind.o [2]
  .text              ro code   0x800'6ef0    0x7e  fclose.o [2]
  .text              ro code   0x800'6f6e    0x18  close.o [5]
  .text              ro code   0x800'6f86    0x14  remove.o [5]
  .text              ro code   0x800'6f9c    0x60  system_stm32f4xx.o [1]
  .text              ro code   0x800'6ffc    0x54  fputc.o [2]
  .text              ro code   0x800'7050    0x3c  xcloseall.o [2]
  .text              ro code   0x800'708c    0x28  data_init.o [4]
  .text              ro code   0x800'70b4    0x24  stm32f4xx_it.o [1]
  .text              ro code   0x800'70d8    0x22  fpinit_M.o [3]
  .iar.init_table    const     0x800'70fc    0x20  - Linker created -
  .text              ro code   0x800'711c    0x1e  cmain.o [4]
  .text              ro code   0x800'713a     0x4  low_level_init.o [2]
  .text              ro code   0x800'713e     0x4  exit.o [2]
  .text              ro code   0x800'7144     0xe  cexit.o [4]
  .text              ro code   0x800'7152    0x16  xprout.o [2]
  .text              ro code   0x800'7168     0xc  putchar.o [2]
  .text              ro code   0x800'7174    0x10  startup_stm32f407xx.o [1]
  .rodata            const     0x800'7184     0xc  main.o [1]
  .rodata            const     0x800'7190     0xc  usbh_core.o [1]
  .text              ro code   0x800'719c     0xc  cstartup_M.o [4]
  .rodata            const     0x800'71a8     0x8  system_stm32f4xx.o [1]
  .rodata            const     0x800'71b0     0x6  xlocale_c.o [2]
  .rodata            const     0x800'71b8     0x4  usbh_cdc.o [1]
  .text              ro code   0x800'71bc     0x4  startup_stm32f407xx.o [1]
  .text              ro code   0x800'71c0     0x4  startup_stm32f407xx.o [1]
  .text              ro code   0x800'71c4     0x4  startup_stm32f407xx.o [1]
  .text              ro code   0x800'71c8     0x4  startup_stm32f407xx.o [1]
  .text              ro code   0x800'71cc     0x4  startup_stm32f407xx.o [1]
  .text              ro code   0x800'71d0     0x4  startup_stm32f407xx.o [1]
  .text              ro code   0x800'71d4     0x4  startup_stm32f407xx.o [1]
  .text              ro code   0x800'71d8     0x4  startup_stm32f407xx.o [1]
  .text              ro code   0x800'71dc     0x4  startup_stm32f407xx.o [1]
  .text              ro code   0x800'71e0     0x4  startup_stm32f407xx.o [1]
  .text              ro code   0x800'71e4     0x4  startup_stm32f407xx.o [1]
  .text              ro code   0x800'71e8     0x4  startup_stm32f407xx.o [1]
  .text              ro code   0x800'71ec     0x4  startup_stm32f407xx.o [1]
  .text              ro code   0x800'71f0     0x4  startup_stm32f407xx.o [1]
  .text              ro code   0x800'71f4     0x4  startup_stm32f407xx.o [1]
  .text              ro code   0x800'71f8     0x4  startup_stm32f407xx.o [1]
  .text              ro code   0x800'71fc     0x4  startup_stm32f407xx.o [1]
  .text              ro code   0x800'7200     0x4  startup_stm32f407xx.o [1]
  .text              ro code   0x800'7204     0x4  startup_stm32f407xx.o [1]
  .text              ro code   0x800'7208     0x4  startup_stm32f407xx.o [1]
  .text              ro code   0x800'720c     0x4  startup_stm32f407xx.o [1]
  .text              ro code   0x800'7210     0x4  startup_stm32f407xx.o [1]
  .text              ro code   0x800'7214     0x4  startup_stm32f407xx.o [1]
  .text              ro code   0x800'7218     0x4  startup_stm32f407xx.o [1]
  .text              ro code   0x800'721c     0x4  startup_stm32f407xx.o [1]
  .text              ro code   0x800'7220     0x4  startup_stm32f407xx.o [1]
  .text              ro code   0x800'7224     0x4  startup_stm32f407xx.o [1]
  .text              ro code   0x800'7228     0x4  startup_stm32f407xx.o [1]
  .text              ro code   0x800'722c     0x4  startup_stm32f407xx.o [1]
  .text              ro code   0x800'7230     0x4  startup_stm32f407xx.o [1]
  .text              ro code   0x800'7234     0x4  startup_stm32f407xx.o [1]
  .text              ro code   0x800'7238     0x4  startup_stm32f407xx.o [1]
  .text              ro code   0x800'723c     0x4  startup_stm32f407xx.o [1]
  .text              ro code   0x800'7240     0x4  startup_stm32f407xx.o [1]
  .text              ro code   0x800'7244     0x4  startup_stm32f407xx.o [1]
  .text              ro code   0x800'7248     0x4  startup_stm32f407xx.o [1]
  .text              ro code   0x800'724c     0x4  startup_stm32f407xx.o [1]
  .text              ro code   0x800'7250     0x4  startup_stm32f407xx.o [1]
  .text              ro code   0x800'7254     0x4  startup_stm32f407xx.o [1]
  .text              ro code   0x800'7258     0x4  startup_stm32f407xx.o [1]
  .text              ro code   0x800'725c     0x4  startup_stm32f407xx.o [1]
  .text              ro code   0x800'7260     0x4  startup_stm32f407xx.o [1]
  .text              ro code   0x800'7264     0x4  startup_stm32f407xx.o [1]
  .text              ro code   0x800'7268     0x4  startup_stm32f407xx.o [1]
  .text              ro code   0x800'726c     0x4  startup_stm32f407xx.o [1]
  .text              ro code   0x800'7270     0x4  startup_stm32f407xx.o [1]
  .text              ro code   0x800'7274     0x4  startup_stm32f407xx.o [1]
  .text              ro code   0x800'7278     0x4  startup_stm32f407xx.o [1]
  .text              ro code   0x800'727c     0x4  startup_stm32f407xx.o [1]
  .text              ro code   0x800'7280     0x4  startup_stm32f407xx.o [1]
  .text              ro code   0x800'7284     0x4  startup_stm32f407xx.o [1]
  .text              ro code   0x800'7288     0x4  startup_stm32f407xx.o [1]
  .text              ro code   0x800'728c     0x4  startup_stm32f407xx.o [1]
  .text              ro code   0x800'7290     0x4  startup_stm32f407xx.o [1]
  .text              ro code   0x800'7294     0x4  startup_stm32f407xx.o [1]
  .text              ro code   0x800'7298     0x4  startup_stm32f407xx.o [1]
  .text              ro code   0x800'729c     0x4  startup_stm32f407xx.o [1]
  .text              ro code   0x800'72a0     0x4  startup_stm32f407xx.o [1]
  .text              ro code   0x800'72a4     0x4  startup_stm32f407xx.o [1]
  .text              ro code   0x800'72a8     0x4  startup_stm32f407xx.o [1]
  .text              ro code   0x800'72ac     0x4  startup_stm32f407xx.o [1]
  .text              ro code   0x800'72b0     0x4  startup_stm32f407xx.o [1]
  .text              ro code   0x800'72b4     0x4  startup_stm32f407xx.o [1]
  .text              ro code   0x800'72b8     0x4  startup_stm32f407xx.o [1]
  .text              ro code   0x800'72bc     0x4  startup_stm32f407xx.o [1]
  .text              ro code   0x800'72c0     0x4  startup_stm32f407xx.o [1]
  .text              ro code   0x800'72c4     0x4  startup_stm32f407xx.o [1]
  .text              ro code   0x800'72c8     0x4  startup_stm32f407xx.o [1]
  .text              ro code   0x800'72cc     0x4  startup_stm32f407xx.o [1]
  .text              ro code   0x800'72d0     0x4  startup_stm32f407xx.o [1]
  .text              ro code   0x800'72d4     0x4  startup_stm32f407xx.o [1]
  .text              ro code   0x800'72d8     0x4  startup_stm32f407xx.o [1]
  .text              ro code   0x800'72dc     0x4  startup_stm32f407xx.o [1]
  .text              ro code   0x800'72e0     0x4  startup_stm32f407xx.o [1]
  .text              ro code   0x800'72e4     0x4  startup_stm32f407xx.o [1]
  .text              ro code   0x800'72e8     0x4  startup_stm32f407xx.o [1]
  .text              ro code   0x800'72ec     0x4  startup_stm32f407xx.o [1]
  .text              ro code   0x800'72f0     0x4  startup_stm32f407xx.o [1]
  .text              ro code   0x800'72f4     0x4  startup_stm32f407xx.o [1]
  .text              ro code   0x800'72f8     0x0  cstart_closeall.o [4]
  .rodata            const     0x800'72f8     0x0  zero_init3.o [4]
  .rodata            const     0x800'72f8     0x0  lz77_init_single.o [4]
  Initializer bytes  const     0x800'72f8    0xab  <for P2-1>
                             - 0x800'73a3  0x721b

"P2", part 1 of 3:                          0x1bc
  P2-1                        0x2000'0000   0x1bc  <Init block>
    .data            inited   0x2000'0000     0xc  port.o [1]
    .data            inited   0x2000'000c     0xc  stm32f4xx_hal.o [1]
    .data            inited   0x2000'0018     0x4  system_stm32f4xx.o [1]
    .data            inited   0x2000'001c    0x20  usbh_cdc.o [1]
    .data            inited   0x2000'003c    0x38  xlocale_c.o [2]
    .data            inited   0x2000'0074    0x48  xlocale_c.o [2]
    .data            inited   0x2000'00bc    0x48  xfiles.o [2]
    .data            inited   0x2000'0104    0x48  xfiles.o [2]
    .data            inited   0x2000'014c    0x48  xfiles.o [2]
    .data            inited   0x2000'0194    0x20  xfiles.o [2]
    .data            inited   0x2000'01b4     0x8  XShttio.o [2]
                            - 0x2000'01bc   0x1bc

"P2", part 2 of 3:                         0x4614
  .bss               zero     0x2000'01bc  0x3c18  heap_4.o [1]
  .bss               zero     0x2000'3dd4   0x3d0  usb_host.o [1]
  .bss               zero     0x2000'41a4   0x298  usbh_conf.o [1]
  .bss               zero     0x2000'443c    0xf8  main.o [1]
  .bss               zero     0x2000'4534    0xa0  tasks.o [1]
  .bss               zero     0x2000'45d4    0x8c  tasks.o [1]
  .bss               zero     0x2000'4660    0x80  XShHandles.o [2]
  .bss               zero     0x2000'46e0    0x50  xfiles.o [2]
  .bss               zero     0x2000'4730    0x50  xfiles.o [2]
  .bss               zero     0x2000'4780    0x3c  stm32f4xx_hal_timebase_TIM.o [1]
  .bss               zero     0x2000'47bc     0x8  heap0.o [2]
  .bss               zero     0x2000'47c4     0x4  xfail_s.o [2]
  .bss               zero     0x2000'47c8     0x4  xgetmemchunk.o [2]
  .bss               zero     0x2000'47cc     0x1  usb_host.o [1]
  .bss               zero     0x2000'47cd     0x1  XShttio.o [2]
                            - 0x2000'47ce  0x4612

"P2", part 3 of 3:                          0x600
  CSTACK                      0x2000'47d0   0x400  <Block>
    CSTACK           uninit   0x2000'47d0   0x400  <Block tail>
  HEAP                        0x2000'4bd0   0x200  <Block>
    HEAP             uninit   0x2000'4bd0   0x200  <Block tail>
                            - 0x2000'4dd0   0x600

Unused ranges:

         From           To      Size
         ----           --      ----
   0x800'73a3   0x80f'ffff  0xf'8c5d
  0x2000'4dd0  0x2001'ffff  0x1'b230


*******************************************************************************
*** INIT TABLE
***

          Address      Size
          -------      ----
Zero (__iar_zero_init3)
    1 destination range, total size 0x4612:
          0x2000'01bc  0x4612

Copy/lz77 (__iar_lz77_init_single3)
    1 source range, total size 0xab (38% of destination):
           0x800'72f8    0xab
    1 destination range, total size 0x1bc:
          0x2000'0000   0x1bc



*******************************************************************************
*** MODULE SUMMARY
***

    Module                        ro code  ro data  rw data
    ------                        -------  -------  -------
command line/config:
    -------------------------------------------------------
    Total:

L:\Documents\GitHub\STM32F407-Familiarization\FreeRTOS Demo\EWARM\FreeRTOS Demo\Obj: [1]
    cmsis_os.o                        356
    heap_4.o                          436            15 384
    list.o                            144
    main.o                          1 064       12      248
    port.o                            472        4       12
    portasm.o                         168
    queue.o                         1 436
    startup_stm32f407xx.o             724
    stm32f4xx_hal.o                   120        5       12
    stm32f4xx_hal_cortex.o            220
    stm32f4xx_hal_gpio.o              472
    stm32f4xx_hal_hcd.o             1 826
    stm32f4xx_hal_i2c.o               228
    stm32f4xx_hal_i2s.o               632
    stm32f4xx_hal_i2s_ex.o            670
    stm32f4xx_hal_msp.o               400
    stm32f4xx_hal_rcc.o             1 228
    stm32f4xx_hal_rcc_ex.o            372
    stm32f4xx_hal_spi.o               130
    stm32f4xx_hal_tim.o               610
    stm32f4xx_hal_tim_ex.o              4
    stm32f4xx_hal_timebase_TIM.o      124                60
    stm32f4xx_it.o                     36
    stm32f4xx_ll_usb.o              1 598
    system_stm32f4xx.o                 96        9        4
    tasks.o                         1 896               300
    usb_host.o                         80               977
    usbh_cdc.o                        866       17       32
    usbh_conf.o                       612               664
    usbh_core.o                     1 120       12
    usbh_ctlreq.o                   1 072
    usbh_ioreq.o                      130
    usbh_pipes.o                      114
    usbh_platform.o                    20
    -------------------------------------------------------
    Total:                         19 476       59   17 693

dl7M_tlf.a: [2]
    XShHandles.o                      204               128
    XShttio.o                          60        4        9
    abort.o                             6
    exit.o                              4
    fclose.o                          126
    fflush.o                          172
    fputc.o                            84
    fseek.o                            36
    heap0.o                           320                 8
    heaptramp0.o                        4
    low_level_init.o                    4
    printf.o                           40
    putchar.o                          12
    xcloseall.o                        60
    xencoding_8859_1.o                 30
    xfail_s.o                          64                 4
    xfgpos.o                           12
    xfiles.o                                    95      408
    xfofind.o                         140
    xfspos.o                          216
    xfwprep.o                         180
    xgetmemchunk.o                     44                 4
    xlocale_c.o                       120       55      128
    xmbcurmax.o                        10
    xprintffull.o                   3 962
    xprout.o                           22
    -------------------------------------------------------
    Total:                          5 932      154      689

m7M_tls.a: [3]
    DblAdd.o                          362
    DblCmpGe.o                         46
    DblCmpLe.o                         46
    DblDiv.o                          582
    DblMul.o                          418
    DblSub.o                          226
    DblToS32.o                         58
    DblToU32.o                         40
    S32ToDbl.o                         34
    U32ToDbl.o                         26
    fpinit_M.o                         34
    frexp.o                           112
    ldexp.o                           314
    -------------------------------------------------------
    Total:                          2 298

rt7M_tl.a: [4]
    ABImemclr4.o                        6
    ABImemcpy.o                       166
    ABImemset48.o                      50
    I64DivMod.o                       560
    I64DivZer.o                         2
    cexit.o                            14
    cmain.o                            30
    cstart_closeall.o
    cstartup_M.o                       12
    data_init.o                        40
    lz77_init_single.o                122
    memchr.o                           88
    strchr.o                           22
    strlen.o                           54
    zero_init3.o                       58
    -------------------------------------------------------
    Total:                          1 224

shb_l.a: [5]
    close.o                            24
    dwrite.o                           30
    exit.o                             20
    iarttio.o                         128
    iarwrite.o                         34
    iarwstd.o                          32
    lseek.o                            74
    remove.o                           20
    write.o                            16
    -------------------------------------------------------
    Total:                            378

    Gaps                               46        4
    Linker created                              32    1 536
-----------------------------------------------------------
    Grand Total:                   29 354      249   19 918


*******************************************************************************
*** ENTRY LIST
***

Entry                       Address    Size  Type      Object
-----                       -------    ----  ----      ------
.iar.init_table$$Base    0x800'70fc           --   Gb  - Linker created -
.iar.init_table$$Limit   0x800'711c           --   Gb  - Linker created -
?main                    0x800'711d          Code  Gb  cmain.o [4]
AHBPrescTable            0x800'6fec    0x10  Data  Gb  system_stm32f4xx.o [1]
APBPrescTable            0x800'71a8     0x8  Data  Gb  system_stm32f4xx.o [1]
Aldata                  0x2000'47bc     0x8  Data  Lc  heap0.o [2]
Appli_state             0x2000'47cc     0x1  Data  Gb  usb_host.o [1]
BusFault_Handler         0x800'70bb     0x2  Code  Gb  stm32f4xx_it.o [1]
CDC_Class               0x2000'001c    0x20  Data  Gb  usbh_cdc.o [1]
CDC_ProcessTransmission
                         0x800'65c7    0x96  Code  Lc  usbh_cdc.o [1]
CSTACK$$Base            0x2000'47d0           --   Gb  - Linker created -
CSTACK$$Limit           0x2000'4bd0           --   Gb  - Linker created -
CacheMore                0x800'1181    0x24  Code  Lc  xlocale_c.o [2]
DeInitStateMachine       0x800'3ee3    0x42  Code  Lc  usbh_core.o [1]
DebugMon_Handler         0x800'70bf     0x2  Code  Gb  stm32f4xx_it.o [1]
GetLineCoding            0x800'65b1    0x16  Code  Lc  usbh_cdc.o [1]
HAL_Delay                0x800'471d    0x28  Code  Wk  stm32f4xx_hal.o [1]
HAL_GPIO_Init            0x800'3bcd   0x1a4  Code  Gb  stm32f4xx_hal_gpio.o [1]
HAL_GPIO_WritePin        0x800'3d71     0x8  Code  Gb  stm32f4xx_hal_gpio.o [1]
HAL_GetTick              0x800'5829     0xc  Code  Wk  stm32f4xx_hal.o [1]
HAL_HCD_Connect_Callback
                         0x800'33a3     0x8  Code  Gb  usbh_conf.o [1]
HAL_HCD_Disconnect_Callback
                         0x800'33ab     0x8  Code  Gb  usbh_conf.o [1]
HAL_HCD_GetCurrentFrame
                         0x800'2ef5     0x6  Code  Gb  stm32f4xx_hal_hcd.o [1]
HAL_HCD_GetCurrentSpeed
                         0x800'2efb     0x6  Code  Gb  stm32f4xx_hal_hcd.o [1]
HAL_HCD_HC_GetURBState   0x800'2edf     0xc  Code  Gb  stm32f4xx_hal_hcd.o [1]
HAL_HCD_HC_GetXferCount
                         0x800'2eeb     0xa  Code  Gb  stm32f4xx_hal_hcd.o [1]
HAL_HCD_HC_Halt          0x800'2cb5    0x16  Code  Gb  stm32f4xx_hal_hcd.o [1]
HAL_HCD_HC_Init          0x800'2c5d    0x58  Code  Gb  stm32f4xx_hal_hcd.o [1]
HAL_HCD_HC_NotifyURBChange_Callback
                         0x800'33b3     0x8  Code  Gb  usbh_conf.o [1]
HAL_HCD_HC_SubmitRequest
                         0x800'2ccd    0xaa  Code  Gb  stm32f4xx_hal_hcd.o [1]
HAL_HCD_IRQHandler       0x800'2d77   0x10e  Code  Gb  stm32f4xx_hal_hcd.o [1]
HAL_HCD_Init             0x800'2c05    0x4e  Code  Gb  stm32f4xx_hal_hcd.o [1]
HAL_HCD_MspInit          0x800'3329    0x72  Code  Gb  usbh_conf.o [1]
HAL_HCD_ResetPort        0x800'2ed9     0x6  Code  Gb  stm32f4xx_hal_hcd.o [1]
HAL_HCD_SOF_Callback     0x800'339b     0x8  Code  Gb  usbh_conf.o [1]
HAL_HCD_Start            0x800'2e8b    0x1c  Code  Gb  stm32f4xx_hal_hcd.o [1]
HAL_HCD_Stop             0x800'2ec3    0x16  Code  Gb  stm32f4xx_hal_hcd.o [1]
HAL_I2C_Init             0x800'4dad    0xc2  Code  Gb  stm32f4xx_hal_i2c.o [1]
HAL_I2C_MspInit          0x800'5f8f    0x48  Code  Gb  stm32f4xx_hal_msp.o [1]
HAL_I2SEx_FullDuplex_IRQHandler
                         0x800'67d5   0x19e  Code  Gb  stm32f4xx_hal_i2s_ex.o [1]
HAL_I2S_ErrorCallback    0x800'6091     0x2  Code  Wk  stm32f4xx_hal_i2s.o [1]
HAL_I2S_Init             0x800'4e91   0x15e  Code  Gb  stm32f4xx_hal_i2s.o [1]
HAL_I2S_MspInit          0x800'5fd7    0x4e  Code  Gb  stm32f4xx_hal_msp.o [1]
HAL_IncTick              0x800'5819    0x10  Code  Wk  stm32f4xx_hal.o [1]
HAL_Init                 0x800'4d79    0x30  Code  Gb  stm32f4xx_hal.o [1]
HAL_InitTick             0x800'5e85    0x6c  Code  Gb  stm32f4xx_hal_timebase_TIM.o [1]
HAL_MspInit              0x800'5f01    0x8e  Code  Gb  stm32f4xx_hal_msp.o [1]
HAL_NVIC_EnableIRQ       0x800'3e13     0xa  Code  Gb  stm32f4xx_hal_cortex.o [1]
HAL_NVIC_SetPriority     0x800'3dd9    0x3a  Code  Gb  stm32f4xx_hal_cortex.o [1]
HAL_NVIC_SetPriorityGrouping
                         0x800'3dbf    0x1a  Code  Gb  stm32f4xx_hal_cortex.o [1]
HAL_RCCEx_GetPeriphCLKFreq
                         0x800'575d    0x3a  Code  Gb  stm32f4xx_hal_rcc_ex.o [1]
HAL_RCCEx_PeriphCLKConfig
                         0x800'5655   0x108  Code  Gb  stm32f4xx_hal_rcc_ex.o [1]
HAL_RCC_ClockConfig      0x800'5481    0xfe  Code  Gb  stm32f4xx_hal_rcc.o [1]
HAL_RCC_GetClockConfig   0x800'55a7    0x36  Code  Gb  stm32f4xx_hal_rcc.o [1]
HAL_RCC_GetHCLKFreq      0x800'558b     0x6  Code  Gb  stm32f4xx_hal_rcc.o [1]
HAL_RCC_GetPCLK1Freq     0x800'5591    0x10  Code  Gb  stm32f4xx_hal_rcc.o [1]
HAL_RCC_OscConfig        0x800'5189   0x2f8  Code  Wk  stm32f4xx_hal_rcc.o [1]
HAL_SPI_Init             0x800'5105    0x76  Code  Gb  stm32f4xx_hal_spi.o [1]
HAL_SPI_MspInit          0x800'6025    0x30  Code  Gb  stm32f4xx_hal_msp.o [1]
HAL_SYSTICK_CLKSourceConfig
                         0x800'3e4f    0x1a  Code  Gb  stm32f4xx_hal_cortex.o [1]
HAL_SYSTICK_Config       0x800'3e27    0x28  Code  Gb  stm32f4xx_hal_cortex.o [1]
HAL_TIMEx_BreakCallback
                         0x800'62f7     0x2  Code  Wk  stm32f4xx_hal_tim_ex.o [1]
HAL_TIMEx_CommutationCallback
                         0x800'62fb     0x2  Code  Wk  stm32f4xx_hal_tim_ex.o [1]
HAL_TIM_Base_Init        0x800'6099    0x1a  Code  Gb  stm32f4xx_hal_tim.o [1]
HAL_TIM_Base_Start_IT    0x800'60b3    0x16  Code  Gb  stm32f4xx_hal_tim.o [1]
HAL_TIM_IRQHandler       0x800'60ed   0x142  Code  Gb  stm32f4xx_hal_tim.o [1]
HAL_TIM_PeriodElapsedCallback
                         0x800'4679     0xe  Code  Gb  main.o [1]
HCD_HC_IN_IRQHandler     0x800'2f01   0x172  Code  Lc  stm32f4xx_hal_hcd.o [1]
HCD_HC_OUT_IRQHandler    0x800'309b   0x156  Code  Lc  stm32f4xx_hal_hcd.o [1]
HCD_Port_IRQHandler      0x800'3279    0xae  Code  Lc  stm32f4xx_hal_hcd.o [1]
HCD_RXQLVL_IRQHandler    0x800'320d    0x64  Code  Lc  stm32f4xx_hal_hcd.o [1]
HEAP$$Base              0x2000'4bd0           --   Gb  - Linker created -
HEAP$$Limit             0x2000'4dd0           --   Gb  - Linker created -
HardFault_Handler        0x800'70b7     0x2  Code  Gb  stm32f4xx_it.o [1]
I2SEx_FullDuplexRx_IT    0x800'69eb    0x6a  Code  Lc  stm32f4xx_hal_i2s_ex.o [1]
I2SEx_FullDuplexTx_IT    0x800'697f    0x6c  Code  Lc  stm32f4xx_hal_i2s_ex.o [1]
I2S_IRQHandler           0x800'5005    0xfe  Code  Lc  stm32f4xx_hal_i2s.o [1]
LoadInt                  0x800'034b    0x7a  Code  Lc  xprintffull.o [2]
MX_DriverVbusFS          0x800'4709    0x14  Code  Gb  usbh_platform.o [1]
MX_GPIO_Init             0x800'44fd   0x152  Code  Lc  main.o [1]
MX_USB_HOST_Init         0x800'57c9    0x22  Code  Gb  usb_host.o [1]
MemManage_Handler        0x800'70b9     0x2  Code  Gb  stm32f4xx_it.o [1]
NMI_Handler              0x800'70b5     0x2  Code  Gb  stm32f4xx_it.o [1]
NVIC_SetPriority         0x800'3da5    0x1a  Code  Lc  stm32f4xx_hal_cortex.o [1]
OTG_FS_IRQHandler        0x800'70cb     0x6  Code  Gb  stm32f4xx_it.o [1]
PendSV_Handler           0x800'2b5d          Code  Gb  portasm.o [1]
Region$$Table$$Base      0x800'70fc           --   Gb  - Linker created -
Region$$Table$$Limit     0x800'711c           --   Gb  - Linker created -
SVC_Handler              0x800'2bb5          Code  Gb  portasm.o [1]
StartDefaultTask         0x800'466b     0xe  Code  Gb  main.o [1]
SysTick_Handler          0x800'70c1     0x4  Code  Gb  stm32f4xx_it.o [1]
SystemClock_Config       0x800'4439    0xc4  Code  Gb  main.o [1]
SystemCoreClock         0x2000'0018     0x4  Data  Gb  system_stm32f4xx.o [1]
SystemInit               0x800'6f9d    0x3a  Code  Gb  system_stm32f4xx.o [1]
TIM6_DAC_IRQHandler      0x800'70c5     0x6  Code  Gb  stm32f4xx_it.o [1]
TIM_Base_SetConfig       0x800'6235    0x8e  Code  Gb  stm32f4xx_hal_tim.o [1]
USBH_AllocPipe           0x800'48d1    0x38  Code  Gb  usbh_pipes.o [1]
USBH_BulkReceiveData     0x800'5e5f     0x8  Code  Gb  usbh_ioreq.o [1]
USBH_BulkSendData        0x800'5e2f     0xa  Code  Gb  usbh_ioreq.o [1]
USBH_CDC_ClassRequest    0x800'6479    0x24  Code  Lc  usbh_cdc.o [1]
USBH_CDC_InterfaceDeInit
                         0x800'641b    0x5e  Code  Lc  usbh_cdc.o [1]
USBH_CDC_InterfaceInit   0x800'6301   0x104  Code  Lc  usbh_cdc.o [1]
USBH_CDC_Process         0x800'649d   0x10a  Code  Lc  usbh_cdc.o [1]
USBH_CDC_SOFProcess      0x800'65a7     0x4  Code  Lc  usbh_cdc.o [1]
USBH_ClosePipe           0x800'48c7     0xa  Code  Gb  usbh_pipes.o [1]
USBH_ClrFeature          0x800'4a2b    0x16  Code  Gb  usbh_ctlreq.o [1]
USBH_CtlReceiveData      0x800'5e25     0xa  Code  Gb  usbh_ioreq.o [1]
USBH_CtlReq              0x800'4b81    0x4a  Code  Gb  usbh_ctlreq.o [1]
USBH_CtlSendData         0x800'5e19     0xc  Code  Gb  usbh_ioreq.o [1]
USBH_CtlSendSetup        0x800'5e03    0x16  Code  Gb  usbh_ioreq.o [1]
USBH_Delay               0x800'3539     0x4  Code  Gb  usbh_conf.o [1]
USBH_FindInterface       0x800'3f5f    0x40  Code  Gb  usbh_core.o [1]
USBH_FreePipe            0x800'4909    0x18  Code  Gb  usbh_pipes.o [1]
USBH_GetDescriptor       0x800'49c5    0x36  Code  Gb  usbh_ctlreq.o [1]
USBH_GetNextDesc         0x800'4b73     0xe  Code  Gb  usbh_ctlreq.o [1]
USBH_Get_CfgDesc         0x800'494d    0x2c  Code  Gb  usbh_ctlreq.o [1]
USBH_Get_DevDesc         0x800'4921    0x2c  Code  Gb  usbh_ctlreq.o [1]
USBH_Get_StringDesc      0x800'4979    0x4c  Code  Gb  usbh_ctlreq.o [1]
USBH_HandleControl       0x800'4bcd   0x17c  Code  Lc  usbh_ctlreq.o [1]
USBH_HandleEnum          0x800'40f5    0xea  Code  Lc  usbh_core.o [1]
USBH_Init                0x800'3e81    0x62  Code  Gb  usbh_core.o [1]
USBH_LL_ClosePipe        0x800'34b1    0x1a  Code  Gb  usbh_conf.o [1]
USBH_LL_Connect          0x800'4219    0x26  Code  Gb  usbh_core.o [1]
USBH_LL_Disconnect       0x800'424b    0x3e  Code  Gb  usbh_core.o [1]
USBH_LL_DriverVBUS       0x800'3505    0x1a  Code  Gb  usbh_conf.o [1]
USBH_LL_GetLastXferSize
                         0x800'3483     0x8  Code  Gb  usbh_conf.o [1]
USBH_LL_GetSpeed         0x800'344d    0x1c  Code  Gb  usbh_conf.o [1]
USBH_LL_GetURBState      0x800'34fd     0x8  Code  Gb  usbh_conf.o [1]
USBH_LL_IncTimer         0x800'41fd    0x1c  Code  Gb  usbh_core.o [1]
USBH_LL_Init             0x800'33bd    0x50  Code  Gb  usbh_conf.o [1]
USBH_LL_NotifyURBChange
                         0x800'42b1    0x12  Code  Gb  usbh_core.o [1]
USBH_LL_OpenPipe         0x800'348b    0x26  Code  Gb  usbh_conf.o [1]
USBH_LL_ResetPort        0x800'3469    0x1a  Code  Gb  usbh_conf.o [1]
USBH_LL_SetTimer         0x800'41f7     0x6  Code  Gb  usbh_core.o [1]
USBH_LL_SetToggle        0x800'351f    0x1a  Code  Gb  usbh_conf.o [1]
USBH_LL_Start            0x800'3419    0x1a  Code  Gb  usbh_conf.o [1]
USBH_LL_Stop             0x800'3433    0x1a  Code  Gb  usbh_conf.o [1]
USBH_LL_SubmitURB        0x800'34cb    0x32  Code  Gb  usbh_conf.o [1]
USBH_OpenPipe            0x800'48af    0x18  Code  Gb  usbh_pipes.o [1]
USBH_ParseCfgDesc        0x800'4a99    0xda  Code  Lc  usbh_ctlreq.o [1]
USBH_ParseDevDesc        0x800'4a41    0x58  Code  Lc  usbh_ctlreq.o [1]
USBH_Process             0x800'3fb5   0x140  Code  Gb  usbh_core.o [1]
USBH_Process_OS          0x800'4291    0x20  Code  Lc  usbh_core.o [1]
USBH_RegisterClass       0x800'3f25    0x22  Code  Gb  usbh_core.o [1]
USBH_SelectInterface     0x800'3f47    0x18  Code  Gb  usbh_core.o [1]
USBH_SetAddress          0x800'49fb    0x16  Code  Gb  usbh_ctlreq.o [1]
USBH_SetCfg              0x800'4a11    0x14  Code  Gb  usbh_ctlreq.o [1]
USBH_Start               0x800'3f9f    0x14  Code  Gb  usbh_core.o [1]
USBH_UserProcess         0x800'57ed    0x1e  Code  Lc  usb_host.o [1]
USB_CoreInit             0x800'358d    0x6e  Code  Gb  stm32f4xx_ll_usb.o [1]
USB_CoreReset            0x800'36d5    0x2a  Code  Lc  stm32f4xx_ll_usb.o [1]
USB_DisableGlobalInt     0x800'3603     0x6  Code  Gb  stm32f4xx_ll_usb.o [1]
USB_DoPing               0x800'3b11    0x18  Code  Gb  stm32f4xx_ll_usb.o [1]
USB_DriveVbus            0x800'3839    0x3e  Code  Gb  stm32f4xx_ll_usb.o [1]
USB_EnableGlobalInt      0x800'35fb     0x8  Code  Gb  stm32f4xx_ll_usb.o [1]
USB_FlushRxFifo          0x800'3653    0x1a  Code  Gb  stm32f4xx_ll_usb.o [1]
USB_FlushTxFifo          0x800'3635    0x1e  Code  Gb  stm32f4xx_ll_usb.o [1]
USB_GetCurrentFrame      0x800'388b     0xa  Code  Gb  stm32f4xx_ll_usb.o [1]
USB_GetHostSpeed         0x800'3877    0x14  Code  Gb  stm32f4xx_ll_usb.o [1]
USB_GetMode              0x800'36cd     0x8  Code  Gb  stm32f4xx_ll_usb.o [1]
USB_HC_Halt              0x800'3aa3    0x6e  Code  Gb  stm32f4xx_ll_usb.o [1]
USB_HC_Init              0x800'3895    0xc4  Code  Gb  stm32f4xx_ll_usb.o [1]
USB_HC_ReadInterrupt     0x800'3a99     0xa  Code  Gb  stm32f4xx_ll_usb.o [1]
USB_HC_StartXfer         0x800'3959   0x128  Code  Gb  stm32f4xx_ll_usb.o [1]
USB_HostInit             0x800'36ff    0xda  Code  Gb  stm32f4xx_ll_usb.o [1]
USB_InitFSLSPClkSel      0x800'37dd    0x30  Code  Gb  stm32f4xx_ll_usb.o [1]
USB_ReadInterrupts       0x800'36c3     0xa  Code  Gb  stm32f4xx_ll_usb.o [1]
USB_ReadPacket           0x800'3693    0x1e  Code  Gb  stm32f4xx_ll_usb.o [1]
USB_ResetPort            0x800'380d    0x2c  Code  Gb  stm32f4xx_ll_usb.o [1]
USB_SetCurrentMode       0x800'360f    0x26  Code  Gb  stm32f4xx_ll_usb.o [1]
USB_StopHost             0x800'3b51    0x7a  Code  Gb  stm32f4xx_ll_usb.o [1]
USB_WritePacket          0x800'366d    0x26  Code  Gb  stm32f4xx_ll_usb.o [1]
UsageFault_Handler       0x800'70bd     0x2  Code  Gb  stm32f4xx_it.o [1]
_Close_all               0x800'7051    0x3c  Code  Gb  xcloseall.o [2]
_Encoding_8859_1_Mbrlen
                         0x800'12cd     0x2  Code  Gb  xencoding_8859_1.o [2]
_Encoding_8859_1_Wctomb
                         0x800'12bb    0x12  Code  Gb  xencoding_8859_1.o [2]
_Error_Handler           0x800'46d1     0x2  Code  Gb  main.o [1]
_Files                  0x2000'0194    0x20  Data  Gb  xfiles.o [2]
_Fofree                  0x800'6e65    0x86  Code  Gb  xfofind.o [2]
_Fspos                   0x800'6a73    0xd8  Code  Gb  xfspos.o [2]
_Fwprep                  0x800'6d8d    0xb4  Code  Gb  xfwprep.o [2]
_GenldFull               0x800'0ddd   0x274  Code  Lc  xprintffull.o [2]
_LdtobFull               0x800'09b1   0x400  Code  Lc  xprintffull.o [2]
_LitobFull               0x800'0859   0x112  Code  Lc  xprintffull.o [2]
_Locale_lconv           0x2000'003c    0x38  Data  Lc  xlocale_c.o [2]
_Nnl                     0x800'6bf9     0xc  Code  Gb  xfgpos.o [2]
_PrintfFull              0x800'0189   0x1aa  Code  Gb  xprintffull.o [2]
_Prout                   0x800'7153    0x16  Code  Gb  xprout.o [2]
_PutcharsFull            0x800'1051    0x2e  Code  Lc  xprintffull.o [2]
_PutfldFull              0x800'03c5   0x2d8  Code  Lc  xprintffull.o [2]
_PutstrFull              0x800'0793    0xc6  Code  Lc  xprintffull.o [2]
_PuttxtFull              0x800'069d    0xf6  Code  Lc  xprintffull.o [2]
__aeabi_cdcmple          0x800'1829          Code  Gb  DblCmpLe.o [3]
__aeabi_cdrcmple         0x800'1859          Code  Gb  DblCmpGe.o [3]
__aeabi_d2iz             0x800'19c5          Code  Gb  DblToS32.o [3]
__aeabi_d2uiz            0x800'1d51          Code  Gb  DblToU32.o [3]
__aeabi_ddiv             0x800'1b09          Code  Gb  DblDiv.o [3]
__aeabi_dmul             0x800'1615          Code  Gb  DblMul.o [3]
__aeabi_dsub             0x800'1a25          Code  Gb  DblSub.o [3]
__aeabi_i2d              0x800'1a01          Code  Gb  S32ToDbl.o [3]
__aeabi_ldiv0            0x800'1d99          Code  Gb  I64DivZer.o [4]
__aeabi_memclr4          0x800'48a9          Code  Gb  ABImemclr4.o [4]
__aeabi_memcpy           0x800'133d          Code  Gb  ABImemcpy.o [4]
__aeabi_memcpy4          0x800'135d          Code  Gb  ABImemcpy.o [4]
__aeabi_memcpy8          0x800'135d          Code  Gb  ABImemcpy.o [4]
__aeabi_ui2d             0x800'1d79          Code  Gb  U32ToDbl.o [3]
__aeabi_uldivmod         0x800'13e5          Code  Gb  I64DivMod.o [4]
__basic_free             0x800'670d    0x16  Code  Gb  heap0.o [2]
__basic_free_intern      0x800'6723    0x7a  Code  Lc  heap0.o [2]
__basic_malloc           0x800'6661    0x18  Code  Gb  heap0.o [2]
__basic_malloc_intern    0x800'6679    0x94  Code  Lc  heap0.o [2]
__cexit_closeall         0x800'7147          Code  Gb  cexit.o [4]
__close                  0x800'6f6f    0x18  Code  Gb  close.o [5]
__cmain                  0x800'711d          Code  Gb  cmain.o [4]
__cstart_closeall        0x800'72f8          Data  Gb  cstart_closeall.o [4]
__data_GetMemChunk       0x800'67a9    0x2c  Code  Gb  xgetmemchunk.o [2]
__data_GetMemChunk::start
                        0x2000'47c8     0x4  Data  Lc  xgetmemchunk.o [2]
__dwrite                 0x800'6d2d    0x1e  Code  Gb  dwrite.o [5]
__exit                   0x800'1f09    0x14  Code  Gb  exit.o [5]
__iar_Fail_s             0x800'1245    0x1c  Code  Gb  xfail_s.o [2]
__iar_Mbcurmax           0x800'1331     0xa  Code  Gb  xmbcurmax.o [2]
__iar_Memchr             0x800'12d9          Code  Gb  memchr.o [4]
__iar_Memset4_word       0x800'5dd1          Code  Gb  ABImemset48.o [4]
__iar_Memset8_word       0x800'5dd1          Code  Gb  ABImemset48.o [4]
__iar_Stderr            0x2000'014c    0x48  Data  Gb  xfiles.o [2]
__iar_Stdin             0x2000'00bc    0x48  Data  Gb  xfiles.o [2]
__iar_Stdout            0x2000'0104    0x48  Data  Gb  xfiles.o [2]
__iar_Strchr             0x800'11f5          Code  Gb  strchr.o [4]
__iar_close_ttio         0x800'1f1d    0x2e  Code  Gb  iarttio.o [5]
__iar_dadd               0x800'1a35          Code  Gb  DblSub.o [3]
__iar_data_init3         0x800'708d    0x28  Code  Gb  data_init.o [4]
__iar_dsub               0x800'1d9d          Code  Gb  DblAdd.o [3]
__iar_dsubStart          0x800'1daf          Code  Gb  DblAdd.o [3]
__iar_frexp              0x800'17c5          Code  Gb  frexp.o [3]
__iar_frexpl             0x800'17c5          Code  Gb  frexp.o [3]
__iar_get_ttio           0x800'1f4d    0x4c  Code  Gb  iarttio.o [5]
__iar_globLocale        0x2000'0074    0x48  Data  Lc  xlocale_c.o [2]
__iar_global_Locale      0x800'117d     0x4  Code  Gb  xlocale_c.o [2]
__iar_init_vfp           0x800'70d9          Code  Gb  fpinit_M.o [3]
__iar_ldexp64            0x800'1889          Code  Gb  ldexp.o [3]
__iar_lookup_ttioh       0x800'1fcb     0x4  Code  Gb  XShttio.o [2]
__iar_lz77_init_single3
                         0x800'1103    0x7a  Code  Gb  lz77_init_single.o [4]
__iar_program_start      0x800'719d          Code  Gb  cstartup_M.o [4]
__iar_scalbln64          0x800'1889          Code  Gb  ldexp.o [3]
__iar_scalbn64           0x800'1889          Code  Gb  ldexp.o [3]
__iar_sh_Discard         0x800'6c61    0x42  Code  Gb  XShHandles.o [2]
__iar_sh_Move            0x800'6ca3    0x46  Code  Gb  XShHandles.o [2]
__iar_sh_Pos             0x800'6ce9    0x3e  Code  Gb  XShHandles.o [2]
__iar_sh_stdout          0x800'6d4b    0x20  Code  Gb  iarwstd.o [5]
__iar_sh_write           0x800'6d6b    0x22  Code  Gb  iarwrite.o [5]
__iar_softfp___iar_frexp64
                         0x800'17b9          Code  Gb  frexp.o [3]
__iar_softfp_frexp       0x800'17b9          Code  Gb  frexp.o [3]
__iar_softfp_frexpl      0x800'17b9          Code  Gb  frexp.o [3]
__iar_ttio_guard_lock    0x800'1f9d    0x1e  Code  Gb  XShttio.o [2]
__iar_ttio_guard_unlock
                         0x800'1fbb    0x10  Code  Gb  XShttio.o [2]
__iar_ttio_handles      0x2000'01b4     0x8  Data  Lc  XShttio.o [2]
__iar_zero_init3         0x800'120b    0x3a  Code  Gb  zero_init3.o [4]
__low_level_init         0x800'713b     0x4  Code  Gb  low_level_init.o [2]
__lseek                  0x800'6c05    0x4a  Code  Gb  lseek.o [5]
__vector_table           0x800'0000          Data  Gb  startup_stm32f407xx.o [1]
__write                  0x800'6c4f    0x10  Code  Gb  write.o [5]
_call_main               0x800'7129          Code  Gb  cmain.o [4]
_exit                    0x800'7145          Code  Gb  cexit.o [4]
_gLocale_mblen           0x800'11e1     0x4  Code  Gb  xlocale_c.o [2]
_gLocale_mblenInt        0x800'11a5    0x2c  Code  Gb  xlocale_c.o [2]
_gLocale_wctomb          0x800'11e5     0x4  Code  Gb  xlocale_c.o [2]
_gLocale_wctombInt       0x800'11dd     0x4  Code  Gb  xlocale_c.o [2]
_main                    0x800'7137          Code  Gb  cmain.o [4]
abort                    0x800'1d93     0x6  Code  Gb  abort.o [2]
blink_led                0x800'42e1    0x2e  Code  Gb  main.o [1]
defaultTaskHandle       0x2000'4530     0x4  Data  Gb  main.o [1]
ebuf                    0x2000'46e0    0x50  Data  Lc  xfiles.o [2]
exit                     0x800'713f     0x4  Code  Gb  exit.o [2]
fclose                   0x800'6ef1    0x7e  Code  Gb  fclose.o [2]
fflush                   0x800'6bc1    0x34  Code  Gb  fflush.o [2]
fflushOne                0x800'6b4d    0x74  Code  Lc  fflush.o [2]
fputc                    0x800'6ffd    0x54  Code  Gb  fputc.o [2]
free                     0x800'67a1     0x4  Code  Gb  heaptramp0.o [2]
fseek                    0x800'6e41    0x24  Code  Gb  fseek.o [2]
hUsbHostFS              0x2000'3dd4   0x3d0  Data  Gb  usb_host.o [1]
hhcd_USB_OTG_FS         0x2000'41a4   0x298  Data  Gb  usbh_conf.o [1]
hi2c1                   0x2000'4494    0x54  Data  Gb  main.o [1]
hi2s3                   0x2000'44e8    0x48  Data  Gb  main.o [1]
hspi1                   0x2000'443c    0x58  Data  Gb  main.o [1]
htim6                   0x2000'4780    0x3c  Data  Gb  stm32f4xx_hal_timebase_TIM.o [1]
ldexp                    0x800'1889          Code  Gb  ldexp.o [3]
ldexpl                   0x800'1889          Code  Gb  ldexp.o [3]
localeconv               0x800'11e9     0x4  Code  Gb  xlocale_c.o [2]
main                     0x800'435d    0xdc  Code  Gb  main.o [1]
makeFreeRtosPriority     0x800'4745     0xc  Code  Lc  cmsis_os.o [1]
memchr                   0x800'12d9          Code  Gb  memchr.o [4]
obuf                    0x2000'4730    0x50  Data  Lc  xfiles.o [2]
osDelay                  0x800'4789     0xe  Code  Gb  cmsis_os.o [1]
osKernelStart            0x800'4751     0xa  Code  Gb  cmsis_os.o [1]
osMessageCreate          0x800'47ab     0xa  Code  Gb  cmsis_os.o [1]
osMessageGet             0x800'47f1    0x58  Code  Gb  cmsis_os.o [1]
osMessagePut             0x800'47b5    0x3c  Code  Gb  cmsis_os.o [1]
osSystickHandler         0x800'4885    0x14  Code  Gb  cmsis_os.o [1]
osThreadCreate           0x800'475b    0x2e  Code  Gb  cmsis_os.o [1]
prime_calc               0x800'4319    0x3a  Code  Gb  main.o [1]
printf                   0x800'4d51    0x28  Code  Gb  printf.o [2]
prvAddCurrentTaskToDelayedList
                         0x800'26c5    0x64  Code  Lc  tasks.o [1]
prvAddNewTaskToReadyList
                         0x800'20a9    0xa2  Code  Lc  tasks.o [1]
prvCopyDataFromQueue     0x800'5d2b    0x28  Code  Lc  queue.o [1]
prvCopyDataToQueue       0x800'5cc3    0x68  Code  Lc  queue.o [1]
prvDeleteTCB             0x800'252b    0x14  Code  Lc  tasks.o [1]
prvIdleTask              0x800'24d5    0x56  Code  Lc  tasks.o [1]
prvInitialiseNewQueue    0x800'58e5    0x16  Code  Lc  queue.o [1]
prvInitialiseNewTask     0x800'2031    0x78  Code  Lc  tasks.o [1]
prvInsertBlockIntoFreeList
                         0x800'28a7    0x46  Code  Lc  heap_4.o [1]
prvIsQueueEmpty          0x800'5db7    0x16  Code  Lc  queue.o [1]
prvResetNextTaskUnblockTime
                         0x800'253f    0x1c  Code  Lc  tasks.o [1]
prvTaskExitError         0x800'29ad    0x1c  Code  Lc  port.o [1]
prvUnlockQueue           0x800'5d53    0x64  Code  Lc  queue.o [1]
putchar                  0x800'7169     0xc  Code  Gb  putchar.o [2]
pvPortMalloc             0x800'2741   0x104  Code  Gb  heap_4.o [1]
pvTaskIncrementMutexHeldCount
                         0x800'267d    0x14  Code  Gb  tasks.o [1]
pxCurrentTCB            0x2000'455c     0x4  Data  Gb  tasks.o [1]
pxDelayedTaskList       0x2000'4560     0x4  Data  Lc  tasks.o [1]
pxEnd                   0x2000'01c4     0x4  Data  Lc  heap_4.o [1]
pxOverflowDelayedTaskList
                        0x2000'4564     0x4  Data  Lc  tasks.o [1]
pxPortInitialiseStack    0x800'2985    0x26  Code  Gb  port.o [1]
pxReadyTasksLists       0x2000'45d4    0x8c  Data  Lc  tasks.o [1]
remove                   0x800'6f87    0x14  Code  Gb  remove.o [5]
sFileInfo               0x2000'4660    0x80  Data  Lc  XShHandles.o [2]
scalbln                  0x800'1889          Code  Gb  ldexp.o [3]
scalblnl                 0x800'1889          Code  Gb  ldexp.o [3]
scalbn                   0x800'1889          Code  Gb  ldexp.o [3]
scalbnl                  0x800'1889          Code  Gb  ldexp.o [3]
scale                    0x800'096b    0x46  Code  Lc  xprintffull.o [2]
sec_hand                0x2000'47c4     0x4  Data  Lc  xfail_s.o [2]
strchr                   0x800'11f5          Code  Gb  strchr.o [4]
strlen                   0x800'1285          Code  Gb  strlen.o [4]
ttio_guard              0x2000'47cd     0x1  Data  Lc  XShttio.o [2]
ucHeap                  0x2000'01d4  0x3c00  Data  Lc  heap_4.o [1]
ucMaxSysCallPriority    0x2000'0000     0x1  Data  Lc  port.o [1]
ulMaxPRIGROUPValue      0x2000'0008     0x4  Data  Lc  port.o [1]
uwTick                  0x2000'0010     0x4  Data  Gb  stm32f4xx_hal.o [1]
uwTickFreq              0x2000'000c     0x1  Data  Gb  stm32f4xx_hal.o [1]
uwTickPrio              0x2000'0014     0x4  Data  Gb  stm32f4xx_hal.o [1]
uxCriticalNesting       0x2000'0004     0x4  Data  Lc  port.o [1]
uxCurrentNumberOfTasks  0x2000'4580     0x4  Data  Lc  tasks.o [1]
uxDeletedTasksWaitingCleanUp
                        0x2000'4568     0x4  Data  Lc  tasks.o [1]
uxListRemove             0x800'2961    0x24  Code  Gb  list.o [1]
uxPendedTicks           0x2000'4590     0x4  Data  Lc  tasks.o [1]
uxSchedulerSuspended    0x2000'45a4     0x4  Data  Lc  tasks.o [1]
uxTaskNumber            0x2000'459c     0x4  Data  Lc  tasks.o [1]
uxTopReadyPriority      0x2000'4588     0x4  Data  Lc  tasks.o [1]
vListInitialise          0x800'28f5    0x1a  Code  Gb  list.o [1]
vListInitialiseItem      0x800'290f     0x6  Code  Gb  list.o [1]
vListInsert              0x800'292f    0x32  Code  Gb  list.o [1]
vListInsertEnd           0x800'2915    0x1a  Code  Gb  list.o [1]
vPortEnableVFP           0x800'2be9          Code  Gb  portasm.o [1]
vPortEnterCritical       0x800'2a59    0x32  Code  Gb  port.o [1]
vPortExitCritical        0x800'2a8b    0x22  Code  Gb  port.o [1]
vPortFree                0x800'2853    0x46  Code  Gb  heap_4.o [1]
vPortStartFirstTask      0x800'2bd1          Code  Gb  portasm.o [1]
vPortValidateInterruptPriority
                         0x800'2ad9    0x2c  Code  Gb  port.o [1]
vTaskDelay               0x800'214b    0x2e  Code  Gb  tasks.o [1]
vTaskMissedYield         0x800'24c9     0xa  Code  Gb  tasks.o [1]
vTaskPlaceOnEventList    0x800'23ad    0x26  Code  Gb  tasks.o [1]
vTaskPriorityInherit     0x800'2573    0x72  Code  Gb  tasks.o [1]
vTaskSetTimeOutState     0x800'2449    0x20  Code  Gb  tasks.o [1]
vTaskStartScheduler      0x800'219b    0x54  Code  Gb  tasks.o [1]
vTaskSuspendAll          0x800'21ef     0xc  Code  Gb  tasks.o [1]
vTaskSwitchContext       0x800'235b    0x52  Code  Gb  tasks.o [1]
xBlockAllocatedBit      0x2000'01d0     0x4  Data  Lc  heap_4.o [1]
xDelayedTaskList1       0x2000'45a8    0x14  Data  Lc  tasks.o [1]
xDelayedTaskList2       0x2000'45bc    0x14  Data  Lc  tasks.o [1]
xFreeBytesRemaining     0x2000'01c8     0x4  Data  Lc  heap_4.o [1]
xIdleTaskHandle         0x2000'45d0     0x4  Data  Lc  tasks.o [1]
xMinimumEverFreeBytesRemaining
                        0x2000'01cc     0x4  Data  Lc  heap_4.o [1]
xNextTaskUnblockTime    0x2000'45a0     0x4  Data  Lc  tasks.o [1]
xNumOfOverflows         0x2000'4598     0x4  Data  Lc  tasks.o [1]
xPendingReadyList       0x2000'4534    0x14  Data  Lc  tasks.o [1]
xPortStartScheduler      0x800'29c9    0x90  Code  Gb  port.o [1]
xPortSysTickHandler      0x800'2aad    0x1e  Code  Gb  port.o [1]
xQueueGenericCreate      0x800'58ad    0x38  Code  Gb  queue.o [1]
xQueueGenericReceive     0x800'5acf   0x14e  Code  Gb  queue.o [1]
xQueueGenericReset       0x800'5835    0x78  Code  Gb  queue.o [1]
xQueueGenericSend        0x800'58fb   0x136  Code  Gb  queue.o [1]
xQueueGenericSendFromISR
                         0x800'5a31    0x8a  Code  Gb  queue.o [1]
xQueueReceiveFromISR     0x800'5c23    0x82  Code  Gb  queue.o [1]
xSchedulerRunning       0x2000'458c     0x4  Data  Lc  tasks.o [1]
xStart                  0x2000'01bc     0x8  Data  Lc  heap_4.o [1]
xSuspendedTaskList      0x2000'456c    0x14  Data  Lc  tasks.o [1]
xTaskCheckForTimeOut     0x800'2469    0x60  Code  Gb  tasks.o [1]
xTaskCreate              0x800'1fd9    0x58  Code  Gb  tasks.o [1]
xTaskGetSchedulerState   0x800'255b    0x18  Code  Gb  tasks.o [1]
xTaskIncrementTick       0x800'229d    0xbe  Code  Gb  tasks.o [1]
xTaskPriorityDisinherit
                         0x800'25eb    0x82  Code  Gb  tasks.o [1]
xTaskRemoveFromEventList
                         0x800'23eb    0x4e  Code  Gb  tasks.o [1]
xTaskResumeAll           0x800'21fb    0x9a  Code  Gb  tasks.o [1]
xTasksWaitingTermination
                        0x2000'4548    0x14  Data  Lc  tasks.o [1]
xTickCount              0x2000'4584     0x4  Data  Lc  tasks.o [1]
xYieldPending           0x2000'4594     0x4  Data  Lc  tasks.o [1]


[1] = L:\Documents\GitHub\STM32F407-Familiarization\FreeRTOS Demo\EWARM\FreeRTOS Demo\Obj
[2] = dl7M_tlf.a
[3] = m7M_tls.a
[4] = rt7M_tl.a
[5] = shb_l.a

  29 354 bytes of readonly  code memory
     249 bytes of readonly  data memory
  19 918 bytes of readwrite data memory

Errors: none
Warnings: none
